Component: Arm Compiler for Embedded 6.19 Tool: armlink [5e73cb00]

==============================================================================

Section Cross References

    startup_stm32g030xx.o(STACK) refers (Special) to heapauxi.o(.text) for __use_two_region_memory
    startup_stm32g030xx.o(HEAP) refers (Special) to heapauxi.o(.text) for __use_two_region_memory
    startup_stm32g030xx.o(RESET) refers (Special) to heapauxi.o(.text) for __use_two_region_memory
    startup_stm32g030xx.o(RESET) refers to startup_stm32g030xx.o(STACK) for __initial_sp
    startup_stm32g030xx.o(RESET) refers to startup_stm32g030xx.o(.text) for Reset_Handler
    startup_stm32g030xx.o(RESET) refers to stm32g0xx_it.o(.text.NMI_Handler) for NMI_Handler
    startup_stm32g030xx.o(RESET) refers to stm32g0xx_it.o(.text.HardFault_Handler) for HardFault_Handler
    startup_stm32g030xx.o(RESET) refers to stm32g0xx_it.o(.text.SVC_Handler) for SVC_Handler
    startup_stm32g030xx.o(RESET) refers to stm32g0xx_it.o(.text.PendSV_Handler) for PendSV_Handler
    startup_stm32g030xx.o(RESET) refers to stm32g0xx_it.o(.text.SysTick_Handler) for SysTick_Handler
    startup_stm32g030xx.o(RESET) refers to stm32g0xx_it.o(.text.TIM1_BRK_UP_TRG_COM_IRQHandler) for TIM1_BRK_UP_TRG_COM_IRQHandler
    startup_stm32g030xx.o(RESET) refers to stm32g0xx_it.o(.text.TIM1_CC_IRQHandler) for TIM1_CC_IRQHandler
    startup_stm32g030xx.o(RESET) refers to stm32g0xx_it.o(.text.TIM3_IRQHandler) for TIM3_IRQHandler
    startup_stm32g030xx.o(RESET) refers to stm32g0xx_it.o(.text.I2C1_IRQHandler) for I2C1_IRQHandler
    startup_stm32g030xx.o(.text) refers (Special) to heapauxi.o(.text) for __use_two_region_memory
    startup_stm32g030xx.o(.text) refers to system_stm32g0xx.o(.text.SystemInit) for SystemInit
    startup_stm32g030xx.o(.text) refers to __main.o(!!!main) for __main
    startup_stm32g030xx.o(.text) refers to startup_stm32g030xx.o(HEAP) for Heap_Mem
    startup_stm32g030xx.o(.text) refers to startup_stm32g030xx.o(STACK) for Stack_Mem
    ccs811_basic.o(.text.readAlgorithmResults) refers to stm32g0xx_hal_i2c.o(.text.HAL_I2C_Mem_Read) for HAL_I2C_Mem_Read
    ccs811_basic.o(.text.readAlgorithmResults) refers to i2c.o(.bss.hi2c1) for hi2c1
    ccs811_basic.o(.text.readAlgorithmResults) refers to ccs811_basic.o(.bss..L_MergedGlobals) for [Anonymous Symbol]
    ccs811_basic.o(.ARM.exidx.text.readAlgorithmResults) refers to ccs811_basic.o(.text.readAlgorithmResults) for [Anonymous Symbol]
    ccs811_basic.o(.text.configureCCS811) refers to stm32g0xx_hal.o(.text.HAL_Delay) for HAL_Delay
    ccs811_basic.o(.text.configureCCS811) refers to stm32g0xx_hal_i2c.o(.text.HAL_I2C_Mem_Read) for HAL_I2C_Mem_Read
    ccs811_basic.o(.text.configureCCS811) refers to stm32g0xx_hal_i2c.o(.text.HAL_I2C_GetState) for HAL_I2C_GetState
    ccs811_basic.o(.text.configureCCS811) refers to stm32g0xx_hal_i2c.o(.text.HAL_I2C_Master_Transmit) for HAL_I2C_Master_Transmit
    ccs811_basic.o(.text.configureCCS811) refers to ccs811_basic.o(.text.setDriveMode) for setDriveMode
    ccs811_basic.o(.text.configureCCS811) refers to stm32g0xx_hal_i2c.o(.text.HAL_I2C_Mem_Write) for HAL_I2C_Mem_Write
    ccs811_basic.o(.text.configureCCS811) refers to stm32g0xx_hal_i2c.o(.text.HAL_I2C_IsDeviceReady) for HAL_I2C_IsDeviceReady
    ccs811_basic.o(.text.configureCCS811) refers to stm32g0xx_hal_uart.o(.text.HAL_UART_Transmit) for HAL_UART_Transmit
    ccs811_basic.o(.text.configureCCS811) refers to i2c.o(.bss.hi2c1) for hi2c1
    ccs811_basic.o(.text.configureCCS811) refers to usart.o(.bss.huart2) for huart2
    ccs811_basic.o(.text.configureCCS811) refers to ccs811_basic.o(.data.Mode_CCS811) for Mode_CCS811
    ccs811_basic.o(.text.configureCCS811) refers to ccs811_basic.o(.bss.errvalue) for errvalue
    ccs811_basic.o(.ARM.exidx.text.configureCCS811) refers to ccs811_basic.o(.text.configureCCS811) for [Anonymous Symbol]
    ccs811_basic.o(.text.readRegister) refers to stm32g0xx_hal_i2c.o(.text.HAL_I2C_Mem_Read) for HAL_I2C_Mem_Read
    ccs811_basic.o(.text.readRegister) refers to stm32g0xx_hal_i2c.o(.text.HAL_I2C_GetState) for HAL_I2C_GetState
    ccs811_basic.o(.text.readRegister) refers to i2c.o(.bss.hi2c1) for hi2c1
    ccs811_basic.o(.ARM.exidx.text.readRegister) refers to ccs811_basic.o(.text.readRegister) for [Anonymous Symbol]
    ccs811_basic.o(.text.setDriveMode) refers to stm32g0xx_hal_i2c.o(.text.HAL_I2C_Mem_Read) for HAL_I2C_Mem_Read
    ccs811_basic.o(.text.setDriveMode) refers to stm32g0xx_hal_i2c.o(.text.HAL_I2C_GetState) for HAL_I2C_GetState
    ccs811_basic.o(.text.setDriveMode) refers to stm32g0xx_hal_i2c.o(.text.HAL_I2C_Mem_Write) for HAL_I2C_Mem_Write
    ccs811_basic.o(.text.setDriveMode) refers to stm32g0xx_hal_i2c.o(.text.HAL_I2C_IsDeviceReady) for HAL_I2C_IsDeviceReady
    ccs811_basic.o(.text.setDriveMode) refers to i2c.o(.bss.hi2c1) for hi2c1
    ccs811_basic.o(.text.setDriveMode) refers to ccs811_basic.o(.bss.mosetting) for mosetting
[...]
    __arm_cp.5_0                             0x08000780   Number         4  stm32g0xx_hal_dma.o(.text.HAL_DMA_Abort_IT)
    __arm_cp.5_1                             0x08000784   Number         4  stm32g0xx_hal_dma.o(.text.HAL_DMA_Abort_IT)
    [Anonymous Symbol]                       0x08000788   Section        0  stm32g0xx_hal_dma.o(.text.HAL_DMA_GetState)
    [Anonymous Symbol]                       0x08000790   Section        0  stm32g0xx_hal.o(.text.HAL_Delay)
    __arm_cp.10_0                            0x080007b0   Number         4  stm32g0xx_hal.o(.text.HAL_Delay)
    [Anonymous Symbol]                       0x080007b4   Section        0  stm32g0xx_hal_gpio.o(.text.HAL_GPIO_Init)
    __arm_cp.0_0                             0x08000944   Number         4  stm32g0xx_hal_gpio.o(.text.HAL_GPIO_Init)
    __arm_cp.0_1                             0x08000948   Number         4  stm32g0xx_hal_gpio.o(.text.HAL_GPIO_Init)
    __arm_cp.0_2                             0x0800094c   Number         4  stm32g0xx_hal_gpio.o(.text.HAL_GPIO_Init)
    __arm_cp.0_3                             0x08000950   Number         4  stm32g0xx_hal_gpio.o(.text.HAL_GPIO_Init)
    __arm_cp.0_4                             0x08000954   Number         4  stm32g0xx_hal_gpio.o(.text.HAL_GPIO_Init)
    [Anonymous Symbol]                       0x08000958   Section        0  stm32g0xx_hal_gpio.o(.text.HAL_GPIO_WritePin)
    [Anonymous Symbol]                       0x08000968   Section        0  stm32g0xx_hal.o(.text.HAL_GetTick)
    __arm_cp.6_0                             0x08000970   Number         4  stm32g0xx_hal.o(.text.HAL_GetTick)
    [Anonymous Symbol]                       0x08000974   Section        0  stm32g0xx_hal_i2c_ex.o(.text.HAL_I2CEx_ConfigAnalogFilter)
    [Anonymous Symbol]                       0x080009b6   Section        0  stm32g0xx_hal_i2c_ex.o(.text.HAL_I2CEx_ConfigDigitalFilter)
    [Anonymous Symbol]                       0x080009f8   Section        0  stm32g0xx_hal_i2c.o(.text.HAL_I2C_AbortCpltCallback)
    [Anonymous Symbol]                       0x080009fa   Section        0  stm32g0xx_hal_i2c.o(.text.HAL_I2C_AddrCallback)
    [Anonymous Symbol]                       0x080009fc   Section        0  stm32g0xx_hal_i2c.o(.text.HAL_I2C_ER_IRQHandler)
    [Anonymous Symbol]                       0x08000a7e   Section        0  stm32g0xx_hal_i2c.o(.text.HAL_I2C_EV_IRQHandler)
    [Anonymous Symbol]                       0x08000a90   Section        0  stm32g0xx_hal_i2c.o(.text.HAL_I2C_ErrorCallback)
    [Anonymous Symbol]                       0x08000a92   Section        0  stm32g0xx_hal_i2c.o(.text.HAL_I2C_GetState)
    [Anonymous Symbol]                       0x08000a98   Section        0  stm32g0xx_hal_i2c.o(.text.HAL_I2C_Init)
    __arm_cp.0_0                             0x08000b38   Number         4  stm32g0xx_hal_i2c.o(.text.HAL_I2C_Init)
    __arm_cp.0_1                             0x08000b3c   Number         4  stm32g0xx_hal_i2c.o(.text.HAL_I2C_Init)
    [Anonymous Symbol]                       0x08000b40   Section        0  stm32g0xx_hal_i2c.o(.text.HAL_I2C_IsDeviceReady)
    __arm_cp.37_1                            0x08000d0c   Number         4  stm32g0xx_hal_i2c.o(.text.HAL_I2C_IsDeviceReady)
    [Anonymous Symbol]                       0x08000d10   Section        0  stm32g0xx_hal_i2c.o(.text.HAL_I2C_ListenCpltCallback)
    [Anonymous Symbol]                       0x08000d12   Section        0  stm32g0xx_hal_i2c.o(.text.HAL_I2C_MasterRxCpltCallback)
    [Anonymous Symbol]                       0x08000d14   Section        0  stm32g0xx_hal_i2c.o(.text.HAL_I2C_MasterTxCpltCallback)
    [Anonymous Symbol]                       0x08000d18   Section        0  stm32g0xx_hal_i2c.o(.text.HAL_I2C_Master_Receive_IT)
    __arm_cp.14_3                            0x08000d8c   Number         4  stm32g0xx_hal_i2c.o(.text.HAL_I2C_Master_Receive_IT)
    [Anonymous Symbol]                       0x08000d90   Section        0  stm32g0xx_hal_i2c.o(.text.HAL_I2C_Master_Transmit)
    __arm_cp.4_2                             0x08000f74   Number         4  stm32g0xx_hal_i2c.o(.text.HAL_I2C_Master_Transmit)
    __arm_cp.4_3                             0x08000f78   Number         4  stm32g0xx_hal_i2c.o(.text.HAL_I2C_Master_Transmit)
    [Anonymous Symbol]                       0x08000f7c   Section        0  stm32g0xx_hal_i2c.o(.text.HAL_I2C_Master_Transmit_IT)
    __arm_cp.12_0                            0x08000ff8   Number         4  stm32g0xx_hal_i2c.o(.text.HAL_I2C_Master_Transmit_IT)
    __arm_cp.12_1                            0x08000ffc   Number         4  stm32g0xx_hal_i2c.o(.text.HAL_I2C_Master_Transmit_IT)
    __arm_cp.12_2                            0x08001000   Number         4  stm32g0xx_hal_i2c.o(.text.HAL_I2C_Master_Transmit_IT)
    __arm_cp.12_3                            0x08001004   Number         4  stm32g0xx_hal_i2c.o(.text.HAL_I2C_Master_Transmit_IT)
    [Anonymous Symbol]                       0x08001008   Section        0  stm32g0xx_hal_i2c.o(.text.HAL_I2C_MemRxCpltCallback)
    [Anonymous Symbol]                       0x0800100a   Section        0  stm32g0xx_hal_i2c.o(.text.HAL_I2C_MemTxCpltCallback)
    [Anonymous Symbol]                       0x0800100c   Section        0  stm32g0xx_hal_i2c.o(.text.HAL_I2C_Mem_Read)
    __arm_cp.31_0                            0x08001218   Number         4  stm32g0xx_hal_i2c.o(.text.HAL_I2C_Mem_Read)
    __arm_cp.31_1                            0x0800121c   Number         4  stm32g0xx_hal_i2c.o(.text.HAL_I2C_Mem_Read)
    __arm_cp.31_2                            0x08001220   Number         4  stm32g0xx_hal_i2c.o(.text.HAL_I2C_Mem_Read)
    __arm_cp.31_3                            0x08001224   Number         4  stm32g0xx_hal_i2c.o(.text.HAL_I2C_Mem_Read)
    __arm_cp.31_4                            0x08001228   Number         4  stm32g0xx_hal_i2c.o(.text.HAL_I2C_Mem_Read)
    __arm_cp.31_5                            0x0800122c   Number         4  stm32g0xx_hal_i2c.o(.text.HAL_I2C_Mem_Read)
    __arm_cp.31_6                            0x08001230   Number         4  stm32g0xx_hal_i2c.o(.text.HAL_I2C_Mem_Read)
    [Anonymous Symbol]                       0x08001234   Section        0  stm32g0xx_hal_i2c.o(.text.HAL_I2C_Mem_Write)
    __arm_cp.29_0                            0x0800141c   Number         4  stm32g0xx_hal_i2c.o(.text.HAL_I2C_Mem_Write)
    __arm_cp.29_1                            0x08001420   Number         4  stm32g0xx_hal_i2c.o(.text.HAL_I2C_Mem_Write)
    __arm_cp.29_2                            0x08001424   Number         4  stm32g0xx_hal_i2c.o(.text.HAL_I2C_Mem_Write)
    __arm_cp.29_3                            0x08001428   Number         4  stm32g0xx_hal_i2c.o(.text.HAL_I2C_Mem_Write)
    [Anonymous Symbol]                       0x0800142c   Section        0  i2c.o(.text.HAL_I2C_MspInit)
    __arm_cp.1_0                             0x080014b0   Number         4  i2c.o(.text.HAL_I2C_MspInit)
    __arm_cp.1_1                             0x080014b4   Number         4  i2c.o(.text.HAL_I2C_MspInit)
    [Anonymous Symbol]                       0x080014b8   Section        0  stm32g0xx_hal_i2c.o(.text.HAL_I2C_SlaveRxCpltCallback)
    [Anonymous Symbol]                       0x080014ba   Section        0  stm32g0xx_hal_i2c.o(.text.HAL_I2C_SlaveTxCpltCallback)
    [Anonymous Symbol]                       0x080014bc   Section        0  stm32g0xx_hal.o(.text.HAL_IncTick)
    __arm_cp.5_1                             0x080014cc   Number         4  stm32g0xx_hal.o(.text.HAL_IncTick)
    [Anonymous Symbol]                       0x080014d0   Section        0  stm32g0xx_hal.o(.text.HAL_Init)
    __arm_cp.0_0                             0x080014f8   Number         4  stm32g0xx_hal.o(.text.HAL_Init)
    [Anonymous Symbol]                       0x080014fc   Section        0  stm32g0xx_hal.o(.text.HAL_InitTick)
    __arm_cp.1_0                             0x0800153c   Number         4  stm32g0xx_hal.o(.text.HAL_InitTick)
    [Anonymous Symbol]                       0x08001540   Section        0  stm32g0xx_hal_msp.o(.text.HAL_MspInit)
    __arm_cp.0_0                             0x08001568   Number         4  stm32g0xx_hal_msp.o(.text.HAL_MspInit)
    [Anonymous Symbol]                       0x0800156c   Section        0  stm32g0xx_hal_cortex.o(.text.HAL_NVIC_EnableIRQ)
    __arm_cp.1_0                             0x08001580   Number         4  stm32g0xx_hal_cortex.o(.text.HAL_NVIC_EnableIRQ)
    [Anonymous Symbol]                       0x08001584   Section        0  stm32g0xx_hal_cortex.o(.text.HAL_NVIC_SetPriority)
    __arm_cp.0_0                             0x080015b4   Number         4  stm32g0xx_hal_cortex.o(.text.HAL_NVIC_SetPriority)
    __arm_cp.0_1                             0x080015b8   Number         4  stm32g0xx_hal_cortex.o(.text.HAL_NVIC_SetPriority)
    [Anonymous Symbol]                       0x080015bc   Section        0  stm32g0xx_hal_pwr_ex.o(.text.HAL_PWREx_ControlVoltageScaling)
    __arm_cp.13_0                            0x08001630   Number         4  stm32g0xx_hal_pwr_ex.o(.text.HAL_PWREx_ControlVoltageScaling)
    __arm_cp.13_1                            0x08001634   Number         4  stm32g0xx_hal_pwr_ex.o(.text.HAL_PWREx_ControlVoltageScaling)
    __arm_cp.13_2                            0x08001638   Number         4  stm32g0xx_hal_pwr_ex.o(.text.HAL_PWREx_ControlVoltageScaling)
    [Anonymous Symbol]                       0x0800163c   Section        0  stm32g0xx_hal_rcc_ex.o(.text.HAL_RCCEx_PeriphCLKConfig)
    __arm_cp.0_0                             0x080017a8   Number         4  stm32g0xx_hal_rcc_ex.o(.text.HAL_RCCEx_PeriphCLKConfig)
    __arm_cp.0_1                             0x080017ac   Number         4  stm32g0xx_hal_rcc_ex.o(.text.HAL_RCCEx_PeriphCLKConfig)
    __arm_cp.0_2                             0x080017b0   Number         4  stm32g0xx_hal_rcc_ex.o(.text.HAL_RCCEx_PeriphCLKConfig)
    __arm_cp.0_4                             0x080017b4   Number         4  stm32g0xx_hal_rcc_ex.o(.text.HAL_RCCEx_PeriphCLKConfig)
    [Anonymous Symbol]                       0x080017b8   Section        0  stm32g0xx_hal_rcc.o(.text.HAL_RCC_ClockConfig)
    __arm_cp.2_0                             0x080019a0   Number         4  stm32g0xx_hal_rcc.o(.text.HAL_RCC_ClockConfig)
    __arm_cp.2_1                             0x080019a4   Number         4  stm32g0xx_hal_rcc.o(.text.HAL_RCC_ClockConfig)
    __arm_cp.2_5                             0x080019a8   Number         4  stm32g0xx_hal_rcc.o(.text.HAL_RCC_ClockConfig)
    __arm_cp.2_6                             0x080019ac   Number         4  stm32g0xx_hal_rcc.o(.text.HAL_RCC_ClockConfig)
    __arm_cp.2_7                             0x080019b0   Number         4  stm32g0xx_hal_rcc.o(.text.HAL_RCC_ClockConfig)
    [Anonymous Symbol]                       0x080019b4   Section        0  stm32g0xx_hal_rcc.o(.text.HAL_RCC_GetPCLK1Freq)
    __arm_cp.6_0                             0x080019d0   Number         4  stm32g0xx_hal_rcc.o(.text.HAL_RCC_GetPCLK1Freq)
    __arm_cp.6_2                             0x080019d4   Number         4  stm32g0xx_hal_rcc.o(.text.HAL_RCC_GetPCLK1Freq)
    [Anonymous Symbol]                       0x080019d8   Section        0  stm32g0xx_hal_rcc.o(.text.HAL_RCC_GetSysClockFreq)
    __arm_cp.3_0                             0x08001a54   Number         4  stm32g0xx_hal_rcc.o(.text.HAL_RCC_GetSysClockFreq)
    __arm_cp.3_1                             0x08001a58   Number         4  stm32g0xx_hal_rcc.o(.text.HAL_RCC_GetSysClockFreq)
    __arm_cp.3_2                             0x08001a5c   Number         4  stm32g0xx_hal_rcc.o(.text.HAL_RCC_GetSysClockFreq)
    [Anonymous Symbol]                       0x08001a60   Section        0  stm32g0xx_hal_rcc.o(.text.HAL_RCC_OscConfig)
    __arm_cp.1_0                             0x08001e5c   Number         4  stm32g0xx_hal_rcc.o(.text.HAL_RCC_OscConfig)
    __arm_cp.1_1                             0x08001e60   Number         4  stm32g0xx_hal_rcc.o(.text.HAL_RCC_OscConfig)
    __arm_cp.1_2                             0x08001e64   Number         4  stm32g0xx_hal_rcc.o(.text.HAL_RCC_OscConfig)
    __arm_cp.1_3                             0x08001e68   Number         4  stm32g0xx_hal_rcc.o(.text.HAL_RCC_OscConfig)
    __arm_cp.1_4                             0x08001e6c   Number         4  stm32g0xx_hal_rcc.o(.text.HAL_RCC_OscConfig)
    __arm_cp.1_5                             0x08001e70   Number         4  stm32g0xx_hal_rcc.o(.text.HAL_RCC_OscConfig)
    __arm_cp.1_6                             0x08001e74   Number         4  stm32g0xx_hal_rcc.o(.text.HAL_RCC_OscConfig)
    __arm_cp.1_7                             0x08001e78   Number         4  stm32g0xx_hal_rcc.o(.text.HAL_RCC_OscConfig)
    [Anonymous Symbol]                       0x08001e7c   Section        0  stm32g0xx_hal_spi.o(.text.HAL_SPI_Init)
    [Anonymous Symbol]                       0x08001f74   Section        0  spi.o(.text.HAL_SPI_MspInit)
    __arm_cp.1_0                             0x08001fe8   Number         4  spi.o(.text.HAL_SPI_MspInit)
    __arm_cp.1_1                             0x08001fec   Number         4  spi.o(.text.HAL_SPI_MspInit)
    __arm_cp.1_2                             0x08001ff0   Number         4  spi.o(.text.HAL_SPI_MspInit)
    [Anonymous Symbol]                       0x08001ff4   Section        0  stm32g0xx_hal_spi.o(.text.HAL_SPI_Transmit)
    __arm_cp.4_0                             0x080021f8   Number         4  stm32g0xx_hal_spi.o(.text.HAL_SPI_Transmit)
    [Anonymous Symbol]                       0x080021fc   Section        0  stm32g0xx_hal_cortex.o(.text.HAL_SYSTICK_Config)
    __arm_cp.4_0                             0x08002224   Number         4  stm32g0xx_hal_cortex.o(.text.HAL_SYSTICK_Config)
    __arm_cp.4_1                             0x08002228   Number         4  stm32g0xx_hal_cortex.o(.text.HAL_SYSTICK_Config)
    __arm_cp.4_2                             0x0800222c   Number         4  stm32g0xx_hal_cortex.o(.text.HAL_SYSTICK_Config)
    [Anonymous Symbol]                       0x08002230   Section        0  stm32g0xx_hal_tim_ex.o(.text.HAL_TIMEx_Break2Callback)
    [Anonymous Symbol]                       0x08002232   Section        0  stm32g0xx_hal_tim_ex.o(.text.HAL_TIMEx_BreakCallback)
    [Anonymous Symbol]                       0x08002234   Section        0  stm32g0xx_hal_tim_ex.o(.text.HAL_TIMEx_CommutCallback)
    [Anonymous Symbol]                       0x08002238   Section        0  stm32g0xx_hal_tim_ex.o(.text.HAL_TIMEx_MasterConfigSynchronization)
    [Anonymous Symbol]                       0x08002290   Section        0  stm32g0xx_hal_tim.o(.text.HAL_TIM_Base_Init)
    __arm_cp.0_2                             0x0800235c   Number         4  stm32g0xx_hal_tim.o(.text.HAL_TIM_Base_Init)
    __arm_cp.0_3                             0x08002360   Number         4  stm32g0xx_hal_tim.o(.text.HAL_TIM_Base_Init)
    __arm_cp.0_4                             0x08002364   Number         4  stm32g0xx_hal_tim.o(.text.HAL_TIM_Base_Init)
    __arm_cp.0_5                             0x08002368   Number         4  stm32g0xx_hal_tim.o(.text.HAL_TIM_Base_Init)
    [Anonymous Symbol]                       0x0800236c   Section        0  tim.o(.text.HAL_TIM_Base_MspInit)
    __arm_cp.2_2                             0x080023d0   Number         4  tim.o(.text.HAL_TIM_Base_MspInit)
    [Anonymous Symbol]                       0x080023d4   Section        0  stm32g0xx_hal_tim.o(.text.HAL_TIM_Base_Start_IT)
    __arm_cp.7_0                             0x08002420   Number         4  stm32g0xx_hal_tim.o(.text.HAL_TIM_Base_Start_IT)
    __arm_cp.7_1                             0x08002424   Number         4  stm32g0xx_hal_tim.o(.text.HAL_TIM_Base_Start_IT)
    __arm_cp.7_2                             0x08002428   Number         4  stm32g0xx_hal_tim.o(.text.HAL_TIM_Base_Start_IT)
    [Anonymous Symbol]                       0x0800242c   Section        0  stm32g0xx_hal_tim.o(.text.HAL_TIM_ConfigClockSource)
    __arm_cp.90_0                            0x08002580   Number         4  stm32g0xx_hal_tim.o(.text.HAL_TIM_ConfigClockSource)
    __arm_cp.90_1                            0x08002584   Number         4  stm32g0xx_hal_tim.o(.text.HAL_TIM_ConfigClockSource)
    [Anonymous Symbol]                       0x08002588   Section        0  stm32g0xx_hal_tim.o(.text.HAL_TIM_IC_CaptureCallback)
    [Anonymous Symbol]                       0x0800258c   Section        0  stm32g0xx_hal_tim.o(.text.HAL_TIM_IRQHandler)
    __arm_cp.67_0                            0x080026ec   Number         4  stm32g0xx_hal_tim.o(.text.HAL_TIM_IRQHandler)
    [Anonymous Symbol]                       0x080026f0   Section        0  stm32g0xx_hal_tim.o(.text.HAL_TIM_OC_DelayElapsedCallback)
    [Anonymous Symbol]                       0x080026f2   Section        0  stm32g0xx_hal_tim.o(.text.HAL_TIM_PWM_PulseFinishedCallback)
    [Anonymous Symbol]                       0x080026f4   Section        0  stm32g0xx_it.o(.text.HAL_TIM_PeriodElapsedCallback)
    __arm_cp.0_0                             0x08002714   Number         4  stm32g0xx_it.o(.text.HAL_TIM_PeriodElapsedCallback)
    __arm_cp.0_1                             0x08002718   Number         4  stm32g0xx_it.o(.text.HAL_TIM_PeriodElapsedCallback)
    __arm_cp.0_2                             0x0800271c   Number         4  stm32g0xx_it.o(.text.HAL_TIM_PeriodElapsedCallback)
    __arm_cp.0_3                             0x08002720   Number         4  stm32g0xx_it.o(.text.HAL_TIM_PeriodElapsedCallback)
    [Anonymous Symbol]                       0x08002724   Section        0  stm32g0xx_hal_tim.o(.text.HAL_TIM_TriggerCallback)
    [Anonymous Symbol]                       0x08002728   Section        0  stm32g0xx_hal_uart.o(.text.HAL_UART_Init)
    __arm_cp.0_0                             0x080027f0   Number         4  stm32g0xx_hal_uart.o(.text.HAL_UART_Init)
    [Anonymous Symbol]                       0x080027f4   Section        0  usart.o(.text.HAL_UART_MspInit)
    __arm_cp.1_0                             0x08002844   Number         4  usart.o(.text.HAL_UART_MspInit)
    __arm_cp.1_1                             0x08002848   Number         4  usart.o(.text.HAL_UART_MspInit)
    [Anonymous Symbol]                       0x0800284c   Section        0  stm32g0xx_hal_uart.o(.text.HAL_UART_Transmit)
    __arm_cp.10_0                            0x08002944   Number         4  stm32g0xx_hal_uart.o(.text.HAL_UART_Transmit)
    [Anonymous Symbol]                       0x08002948   Section        0  stm32g0xx_it.o(.text.HardFault_Handler)
    [Anonymous Symbol]                       0x0800294c   Section        0  stm32g0xx_it.o(.text.I2C1_IRQHandler)
    __arm_cp.9_0                             0x0800296c   Number         4  stm32g0xx_it.o(.text.I2C1_IRQHandler)
    I2C_DMAAbort                             0x08002971   Thumb Code    62  stm32g0xx_hal_i2c.o(.text.I2C_DMAAbort)
    [Anonymous Symbol]                       0x08002970   Section        0  stm32g0xx_hal_i2c.o(.text.I2C_DMAAbort)
    I2C_ITAddrCplt                           0x080029b1   Thumb Code   164  stm32g0xx_hal_i2c.o(.text.I2C_ITAddrCplt)
    [Anonymous Symbol]                       0x080029b0   Section        0  stm32g0xx_hal_i2c.o(.text.I2C_ITAddrCplt)
    __arm_cp.70_0                            0x08002a54   Number         4  stm32g0xx_hal_i2c.o(.text.I2C_ITAddrCplt)
    I2C_ITError                              0x08002a59   Thumb Code   304  stm32g0xx_hal_i2c.o(.text.I2C_ITError)
    [Anonymous Symbol]                       0x08002a58   Section        0  stm32g0xx_hal_i2c.o(.text.I2C_ITError)
    __arm_cp.52_1                            0x08002b88   Number         4  stm32g0xx_hal_i2c.o(.text.I2C_ITError)
    __arm_cp.52_2                            0x08002b8c   Number         4  stm32g0xx_hal_i2c.o(.text.I2C_ITError)
    I2C_ITMasterCplt                         0x08002b91   Thumb Code   256  stm32g0xx_hal_i2c.o(.text.I2C_ITMasterCplt)
    [Anonymous Symbol]                       0x08002b90   Section        0  stm32g0xx_hal_i2c.o(.text.I2C_ITMasterCplt)
    __arm_cp.67_1                            0x08002c90   Number         4  stm32g0xx_hal_i2c.o(.text.I2C_ITMasterCplt)
    I2C_ITMasterSeqCplt                      0x08002c95   Thumb Code    96  stm32g0xx_hal_i2c.o(.text.I2C_ITMasterSeqCplt)
    [Anonymous Symbol]                       0x08002c94   Section        0  stm32g0xx_hal_i2c.o(.text.I2C_ITMasterSeqCplt)
    I2C_ITSlaveCplt                          0x08002cf5   Thumb Code   504  stm32g0xx_hal_i2c.o(.text.I2C_ITSlaveCplt)
    [Anonymous Symbol]                       0x08002cf4   Section        0  stm32g0xx_hal_i2c.o(.text.I2C_ITSlaveCplt)
    __arm_cp.68_0                            0x08002eec   Number         4  stm32g0xx_hal_i2c.o(.text.I2C_ITSlaveCplt)
    __arm_cp.68_1                            0x08002ef0   Number         4  stm32g0xx_hal_i2c.o(.text.I2C_ITSlaveCplt)
    I2C_ITSlaveSeqCplt                       0x08002ef5   Thumb Code   124  stm32g0xx_hal_i2c.o(.text.I2C_ITSlaveSeqCplt)
    [Anonymous Symbol]                       0x08002ef4   Section        0  stm32g0xx_hal_i2c.o(.text.I2C_ITSlaveSeqCplt)
    __arm_cp.69_0                            0x08002f70   Number         4  stm32g0xx_hal_i2c.o(.text.I2C_ITSlaveSeqCplt)
    __arm_cp.69_1                            0x08002f74   Number         4  stm32g0xx_hal_i2c.o(.text.I2C_ITSlaveSeqCplt)
    I2C_IsErrorOccurred                      0x08002f79   Thumb Code   348  stm32g0xx_hal_i2c.o(.text.I2C_IsErrorOccurred)
    [Anonymous Symbol]                       0x08002f78   Section        0  stm32g0xx_hal_i2c.o(.text.I2C_IsErrorOccurred)
    __arm_cp.71_0                            0x080030d4   Number         4  stm32g0xx_hal_i2c.o(.text.I2C_IsErrorOccurred)
    I2C_Master_ISR_IT                        0x080030d9   Thumb Code   368  stm32g0xx_hal_i2c.o(.text.I2C_Master_ISR_IT)
    [Anonymous Symbol]                       0x080030d8   Section        0  stm32g0xx_hal_i2c.o(.text.I2C_Master_ISR_IT)
    __arm_cp.13_1                            0x08003248   Number         4  stm32g0xx_hal_i2c.o(.text.I2C_Master_ISR_IT)
    __arm_cp.13_2                            0x0800324c   Number         4  stm32g0xx_hal_i2c.o(.text.I2C_Master_ISR_IT)
    __arm_cp.13_3                            0x08003250   Number         4  stm32g0xx_hal_i2c.o(.text.I2C_Master_ISR_IT)
    I2C_RequestMemoryRead                    0x08003255   Thumb Code   200  stm32g0xx_hal_i2c.o(.text.I2C_RequestMemoryRead)
    [Anonymous Symbol]                       0x08003254   Section        0  stm32g0xx_hal_i2c.o(.text.I2C_RequestMemoryRead)
    I2C_RequestMemoryWrite                   0x0800331d   Thumb Code   228  stm32g0xx_hal_i2c.o(.text.I2C_RequestMemoryWrite)
    [Anonymous Symbol]                       0x0800331c   Section        0  stm32g0xx_hal_i2c.o(.text.I2C_RequestMemoryWrite)
    __arm_cp.30_0                            0x08003400   Number         4  stm32g0xx_hal_i2c.o(.text.I2C_RequestMemoryWrite)
    __arm_cp.30_1                            0x08003404   Number         4  stm32g0xx_hal_i2c.o(.text.I2C_RequestMemoryWrite)
    __arm_cp.30_2                            0x08003408   Number         4  stm32g0xx_hal_i2c.o(.text.I2C_RequestMemoryWrite)
    I2C_Slave_ISR_IT                         0x0800340d   Thumb Code   596  stm32g0xx_hal_i2c.o(.text.I2C_Slave_ISR_IT)
    [Anonymous Symbol]                       0x0800340c   Section        0  stm32g0xx_hal_i2c.o(.text.I2C_Slave_ISR_IT)
    __arm_cp.16_0                            0x08003660   Number         4  stm32g0xx_hal_i2c.o(.text.I2C_Slave_ISR_IT)
    __arm_cp.16_1                            0x08003664   Number         4  stm32g0xx_hal_i2c.o(.text.I2C_Slave_ISR_IT)
    __arm_cp.16_2                            0x08003668   Number         4  stm32g0xx_hal_i2c.o(.text.I2C_Slave_ISR_IT)
    __arm_cp.16_3                            0x0800366c   Number         4  stm32g0xx_hal_i2c.o(.text.I2C_Slave_ISR_IT)
    I2C_WaitOnFlagUntilTimeout               0x08003671   Thumb Code   168  stm32g0xx_hal_i2c.o(.text.I2C_WaitOnFlagUntilTimeout)
    [Anonymous Symbol]                       0x08003670   Section        0  stm32g0xx_hal_i2c.o(.text.I2C_WaitOnFlagUntilTimeout)
    I2C_WaitOnSTOPFlagUntilTimeout           0x08003719   Thumb Code   104  stm32g0xx_hal_i2c.o(.text.I2C_WaitOnSTOPFlagUntilTimeout)
    [Anonymous Symbol]                       0x08003718   Section        0  stm32g0xx_hal_i2c.o(.text.I2C_WaitOnSTOPFlagUntilTimeout)
    I2C_WaitOnTXISFlagUntilTimeout           0x08003781   Thumb Code   146  stm32g0xx_hal_i2c.o(.text.I2C_WaitOnTXISFlagUntilTimeout)
    [Anonymous Symbol]                       0x08003780   Section        0  stm32g0xx_hal_i2c.o(.text.I2C_WaitOnTXISFlagUntilTimeout)
    [Anonymous Symbol]                       0x08003814   Section        0  gpio.o(.text.MX_GPIO_Init)
    __arm_cp.0_0                             0x0800388c   Number         4  gpio.o(.text.MX_GPIO_Init)
    __arm_cp.0_1                             0x08003890   Number         4  gpio.o(.text.MX_GPIO_Init)
    [Anonymous Symbol]                       0x08003894   Section        0  i2c.o(.text.MX_I2C1_Init)
    __arm_cp.0_0                             0x080038e0   Number         4  i2c.o(.text.MX_I2C1_Init)
    __arm_cp.0_1                             0x080038e4   Number         4  i2c.o(.text.MX_I2C1_Init)
    __arm_cp.0_2                             0x080038e8   Number         4  i2c.o(.text.MX_I2C1_Init)
    [Anonymous Symbol]                       0x080038ec   Section        0  spi.o(.text.MX_SPI1_Init)
    __arm_cp.0_0                             0x0800392c   Number         4  spi.o(.text.MX_SPI1_Init)
    __arm_cp.0_1                             0x08003930   Number         4  spi.o(.text.MX_SPI1_Init)
    [Anonymous Symbol]                       0x08003934   Section        0  tim.o(.text.MX_TIM1_Init)
    __arm_cp.0_1                             0x08003994   Number         4  tim.o(.text.MX_TIM1_Init)
    __arm_cp.0_3                             0x08003998   Number         4  tim.o(.text.MX_TIM1_Init)
    [Anonymous Symbol]                       0x0800399c   Section        0  tim.o(.text.MX_TIM3_Init)
    __arm_cp.1_1                             0x080039fc   Number         4  tim.o(.text.MX_TIM3_Init)
    __arm_cp.1_2                             0x08003a00   Number         4  tim.o(.text.MX_TIM3_Init)
    [Anonymous Symbol]                       0x08003a04   Section        0  usart.o(.text.MX_USART2_UART_Init)
    __arm_cp.0_0                             0x08003a38   Number         4  usart.o(.text.MX_USART2_UART_Init)
    __arm_cp.0_1                             0x08003a3c   Number         4  usart.o(.text.MX_USART2_UART_Init)
    [Anonymous Symbol]                       0x08003a40   Section        0  stm32g0xx_it.o(.text.NMI_Handler)
    [Anonymous Symbol]                       0x08003a42   Section        0  stm32g0xx_it.o(.text.PendSV_Handler)
    SPI_WaitFifoStateUntilTimeout            0x08003a45   Thumb Code   352  stm32g0xx_hal_spi.o(.text.SPI_WaitFifoStateUntilTimeout)
    [Anonymous Symbol]                       0x08003a44   Section        0  stm32g0xx_hal_spi.o(.text.SPI_WaitFifoStateUntilTimeout)
    SPI_WaitFlagStateUntilTimeout            0x08003ba5   Thumb Code   204  stm32g0xx_hal_spi.o(.text.SPI_WaitFlagStateUntilTimeout)
    [Anonymous Symbol]                       0x08003ba4   Section        0  stm32g0xx_hal_spi.o(.text.SPI_WaitFlagStateUntilTimeout)
    __arm_cp.32_0                            0x08003c70   Number         4  stm32g0xx_hal_spi.o(.text.SPI_WaitFlagStateUntilTimeout)
    [Anonymous Symbol]                       0x08003c74   Section        0  stm32g0xx_it.o(.text.SVC_Handler)
    [Anonymous Symbol]                       0x08003c76   Section        0  stm32g0xx_it.o(.text.SysTick_Handler)
    [Anonymous Symbol]                       0x08003c7e   Section        0  system_stm32g0xx.o(.text.SystemInit)
    [Anonymous Symbol]                       0x08003c80   Section        0  stm32g0xx_it.o(.text.TIM1_BRK_UP_TRG_COM_IRQHandler)
    [Anonymous Symbol]                       0x08003c8c   Section        0  stm32g0xx_it.o(.text.TIM1_CC_IRQHandler)
    __arm_cp.7_0                             0x08003c98   Number         4  stm32g0xx_it.o(.text.TIM1_CC_IRQHandler)
    [Anonymous Symbol]                       0x08003c9c   Section        0  stm32g0xx_it.o(.text.TIM3_IRQHandler)
    __arm_cp.8_0                             0x08003ca8   Number         4  stm32g0xx_it.o(.text.TIM3_IRQHandler)
    [Anonymous Symbol]                       0x08003cac   Section        0  stm32g0xx_hal_uart.o(.text.UART_AdvFeatureConfig)
    [Anonymous Symbol]                       0x08003d80   Section        0  stm32g0xx_hal_uart.o(.text.UART_SetConfig)
    __arm_cp.2_0                             0x08003eb8   Number         4  stm32g0xx_hal_uart.o(.text.UART_SetConfig)
    __arm_cp.2_1                             0x08003ebc   Number         4  stm32g0xx_hal_uart.o(.text.UART_SetConfig)
    __arm_cp.2_2                             0x08003ec0   Number         4  stm32g0xx_hal_uart.o(.text.UART_SetConfig)
    __arm_cp.2_3                             0x08003ec4   Number         4  stm32g0xx_hal_uart.o(.text.UART_SetConfig)
    __arm_cp.2_4                             0x08003ec8   Number         4  stm32g0xx_hal_uart.o(.text.UART_SetConfig)
    __arm_cp.2_6                             0x08003edc   Number         4  stm32g0xx_hal_uart.o(.text.UART_SetConfig)
    __arm_cp.2_7                             0x08003ee0   Number         4  stm32g0xx_hal_uart.o(.text.UART_SetConfig)
    __arm_cp.2_8                             0x08003ee4   Number         4  stm32g0xx_hal_uart.o(.text.UART_SetConfig)
    __arm_cp.2_9                             0x08003ee8   Number         4  stm32g0xx_hal_uart.o(.text.UART_SetConfig)
    [Anonymous Symbol]                       0x08003eec   Section        0  stm32g0xx_hal_uart.o(.text.UART_WaitOnFlagUntilTimeout)
    [Anonymous Symbol]                       0x08004024   Section        0  ccs811_basic.o(.text.configureCCS811)
    __arm_cp.1_0                             0x0800419c   Number         4  ccs811_basic.o(.text.configureCCS811)
    __arm_cp.1_3                             0x080041c8   Number         4  ccs811_basic.o(.text.configureCCS811)
    __arm_cp.1_4                             0x080041cc   Number         4  ccs811_basic.o(.text.configureCCS811)
    [Anonymous Symbol]                       0x080041d0   Section        0  main.o(.text.main)
    __arm_cp.0_0                             0x08004438   Number         4  main.o(.text.main)
    __arm_cp.0_1                             0x0800443c   Number         4  main.o(.text.main)
    __arm_cp.0_2                             0x08004440   Number         4  main.o(.text.main)
    __arm_cp.0_3                             0x08004444   Number         4  main.o(.text.main)
    __arm_cp.0_4                             0x08004448   Number         4  main.o(.text.main)
    __arm_cp.0_5                             0x0800444c   Number         4  main.o(.text.main)
    __arm_cp.0_6                             0x08004450   Number         4  main.o(.text.main)
    __arm_cp.0_7                             0x08004454   Number         4  main.o(.text.main)
    __arm_cp.0_8                             0x08004458   Number         4  main.o(.text.main)
    __arm_cp.0_10                            0x08004464   Number         4  main.o(.text.main)
    __arm_cp.0_11                            0x08004468   Number         4  main.o(.text.main)
    __arm_cp.0_12                            0x0800446c   Number         4  main.o(.text.main)
    __arm_cp.0_13                            0x08004470   Number         4  main.o(.text.main)
    [Anonymous Symbol]                       0x08004474   Section        0  ccs811_basic.o(.text.readAlgorithmResults)
    __arm_cp.0_1                             0x080044ac   Number         4  ccs811_basic.o(.text.readAlgorithmResults)
    [Anonymous Symbol]                       0x080044b0   Section        0  ccs811_basic.o(.text.setDriveMode)
    __arm_cp.3_0                             0x0800455c   Number         4  ccs811_basic.o(.text.setDriveMode)
    __arm_cp.3_1                             0x08004560   Number         4  ccs811_basic.o(.text.setDriveMode)
    .text_divfast                            0x08004564   Section      502  aeabi_sdivfast.o(.text_divfast)
    x$fpl$fadd                               0x0800475c   Section      140  faddsub.o(x$fpl$fadd)
    _fadd1                                   0x08004769   Thumb Code     0  faddsub.o(x$fpl$fadd)
    x$fpl$fsub                               0x080047e8   Section      208  faddsub.o(x$fpl$fsub)
    _fsub1                                   0x080047f5   Thumb Code     0  faddsub.o(x$fpl$fsub)
    uc_hextab                                0x080048b8   Data          20  _printf_hex_int.o(.constdata)
    .constdata                               0x080048b8   Section       40  _printf_hex_int.o(.constdata)
    x$fpl$usenofp                            0x080048b8   Section        0  usenofp.o(x$fpl$usenofp)
    lc_hextab                                0x080048cc   Data          20  _printf_hex_int.o(.constdata)
    [Anonymous Symbol]                       0x20000000   Section        0  main.o(.data..L_MergedGlobals)
    [Anonymous Symbol]                       0x20000038   Section        0  stm32g0xx_hal.o(.data..L_MergedGlobals)
    .bss                                     0x20000048   Section       96  libspace.o(.bss)
    [Anonymous Symbol]                       0x200000a8   Section        0  ccs811_basic.o(.bss..L_MergedGlobals)
    [Anonymous Symbol]                       0x200000b4   Section        0  main.o(.bss..L_MergedGlobals.1)
    Heap_Mem                                 0x200002c8   Data         512  startup_stm32g030xx.o(HEAP)
    HEAP                                     0x200002c8   Section      512  startup_stm32g030xx.o(HEAP)
    Stack_Mem                                0x200004c8   Data        1024  startup_stm32g030xx.o(STACK)
    STACK                                    0x200004c8   Section     1024  startup_stm32g030xx.o(STACK)
    __initial_sp                             0x200008c8   Data           0  startup_stm32g030xx.o(STACK)

    Global Symbols

    Symbol Name                              Value     Ov Type        Size  Object(Section)

    BuildAttributes$$THM_ISAv3M$S$PE$A:L22$X:L11$S22$IEEE1$IW$~IW$USESV6$~STKCKD$USESV7$~SHL$OTIME$ROPI$EBA8$UX$STANDARDLIB$REQ8$PRES8$EABIv2 0x00000000   Number         0  anon$$obj.o ABSOLUTE
    __ARM_exceptions_init                     - Undefined Weak Reference
    __alloca_initialize                       - Undefined Weak Reference
    __arm_preinit_                            - Undefined Weak Reference
    __arm_relocate_pie_                       - Undefined Weak Reference
    __cpp_initialize__aeabi_                  - Undefined Weak Reference
    __cxa_finalize                            - Undefined Weak Reference
    __rt_locale                               - Undefined Weak Reference
    __sigvec_lookup                           - Undefined Weak Reference
    _atexit_init                              - Undefined Weak Reference
    _call_atexit_fns                          - Undefined Weak Reference
    _clock_init                               - Undefined Weak Reference
    _fp_trap_init                             - Undefined Weak Reference
    _fp_trap_shutdown                         - Undefined Weak Reference
    _get_lc_collate                           - Undefined Weak Reference
    _get_lc_ctype                             - Undefined Weak Reference
    _get_lc_monetary                          - Undefined Weak Reference
    _get_lc_numeric                           - Undefined Weak Reference
    _get_lc_time                              - Undefined Weak Reference
    _getenv_init                              - Undefined Weak Reference
    _handle_redirection                       - Undefined Weak Reference
    _init_alloc                               - Undefined Weak Reference
    _init_user_alloc                          - Undefined Weak Reference
    _initio                                   - Undefined Weak Reference
    _printf_post_padding                      - Undefined Weak Reference
    _printf_pre_padding                       - Undefined Weak Reference
    _printf_truncate_unsigned                 - Undefined Weak Reference
    _rand_init                                - Undefined Weak Reference
    _signal_finish                            - Undefined Weak Reference
    _signal_init                              - Undefined Weak Reference
    _terminate_alloc                          - Undefined Weak Reference
    _terminate_user_alloc                     - Undefined Weak Reference
    _terminateio                              - Undefined Weak Reference
    __Vectors_Size                           0x000000c0   Number         0  startup_stm32g030xx.o ABSOLUTE
    __Vectors                                0x08000000   Data           4  startup_stm32g030xx.o(RESET)
    __Vectors_End                            0x080000c0   Data           0  startup_stm32g030xx.o(RESET)
    __main                                   0x080000c1   Thumb Code     8  __main.o(!!!main)
    __scatterload                            0x080000c9   Thumb Code     0  __scatter.o(!!!scatter)
    __scatterload_rt2                        0x080000c9   Thumb Code    52  __scatter.o(!!!scatter)
    __scatterload_rt2_thumb_only             0x080000c9   Thumb Code     0  __scatter.o(!!!scatter)
    __scatterload_null                       0x080000d9   Thumb Code     0  __scatter.o(!!!scatter)
    __scatterload_copy                       0x08000105   Thumb Code    26  __scatter_copy.o(!!handler_copy)
    __scatterload_zeroinit                   0x08000121   Thumb Code    28  __scatter_zi.o(!!handler_zi)
    _printf_percent                          0x0800013d   Thumb Code     0  _printf_percent.o(.ARM.Collect$$_printf_percent$$00000000)
    _printf_x                                0x0800013f   Thumb Code     0  _printf_x.o(.ARM.Collect$$_printf_percent$$0000000C)
    _printf_percent_end                      0x08000149   Thumb Code     0  _printf_percent_end.o(.ARM.Collect$$_printf_percent$$00000017)
    __rt_lib_init                            0x0800014d   Thumb Code     0  libinit.o(.ARM.Collect$$libinit$$00000000)
    __rt_lib_init_alloca_1                   0x0800014f   Thumb Code     0  libinit2.o(.ARM.Collect$$libinit$$00000030)
    __rt_lib_init_argv_1                     0x0800014f   Thumb Code     0  libinit2.o(.ARM.Collect$$libinit$$0000002E)
    __rt_lib_init_atexit_1                   0x0800014f   Thumb Code     0  libinit2.o(.ARM.Collect$$libinit$$0000001D)
    __rt_lib_init_clock_1                    0x0800014f   Thumb Code     0  libinit2.o(.ARM.Collect$$libinit$$00000023)
    __rt_lib_init_cpp_1                      0x0800014f   Thumb Code     0  libinit2.o(.ARM.Collect$$libinit$$00000034)
    __rt_lib_init_exceptions_1               0x0800014f   Thumb Code     0  libinit2.o(.ARM.Collect$$libinit$$00000032)
    __rt_lib_init_fp_1                       0x0800014f   Thumb Code     0  libinit2.o(.ARM.Collect$$libinit$$00000002)
    __rt_lib_init_fp_trap_1                  0x0800014f   Thumb Code     0  libinit2.o(.ARM.Collect$$libinit$$00000021)
    __rt_lib_init_getenv_1                   0x0800014f   Thumb Code     0  libinit2.o(.ARM.Collect$$libinit$$00000025)
    __rt_lib_init_heap_1                     0x0800014f   Thumb Code     0  libinit2.o(.ARM.Collect$$libinit$$0000000C)
    __rt_lib_init_lc_collate_1               0x0800014f   Thumb Code     0  libinit2.o(.ARM.Collect$$libinit$$00000013)
    __rt_lib_init_lc_ctype_1                 0x0800014f   Thumb Code     0  libinit2.o(.ARM.Collect$$libinit$$00000015)
    __rt_lib_init_lc_monetary_1              0x0800014f   Thumb Code     0  libinit2.o(.ARM.Collect$$libinit$$00000017)
    __rt_lib_init_lc_numeric_1               0x0800014f   Thumb Code     0  libinit2.o(.ARM.Collect$$libinit$$00000019)
    __rt_lib_init_lc_time_1                  0x0800014f   Thumb Code     0  libinit2.o(.ARM.Collect$$libinit$$0000001B)
    __rt_lib_init_preinit_1                  0x0800014f   Thumb Code     0  libinit2.o(.ARM.Collect$$libinit$$00000006)
    __rt_lib_init_rand_1                     0x0800014f   Thumb Code     0  libinit2.o(.ARM.Collect$$libinit$$00000010)
    __rt_lib_init_relocate_pie_1             0x0800014f   Thumb Code     0  libinit2.o(.ARM.Collect$$libinit$$00000004)
    __rt_lib_init_return                     0x0800014f   Thumb Code     0  libinit2.o(.ARM.Collect$$libinit$$00000035)
    __rt_lib_init_signal_1                   0x0800014f   Thumb Code     0  libinit2.o(.ARM.Collect$$libinit$$0000001F)
    __rt_lib_init_stdio_1                    0x0800014f   Thumb Code     0  libinit2.o(.ARM.Collect$$libinit$$00000027)
    __rt_lib_init_user_alloc_1               0x0800014f   Thumb Code     0  libinit2.o(.ARM.Collect$$libinit$$0000000E)
    __rt_lib_shutdown                        0x08000151   Thumb Code     0  libshutdown.o(.ARM.Collect$$libshutdown$$00000000)
    __rt_lib_shutdown_cpp_1                  0x08000153   Thumb Code     0  libshutdown2.o(.ARM.Collect$$libshutdown$$00000002)
    __rt_lib_shutdown_fp_trap_1              0x08000153   Thumb Code     0  libshutdown2.o(.ARM.Collect$$libshutdown$$00000007)
    __rt_lib_shutdown_heap_1                 0x08000153   Thumb Code     0  libshutdown2.o(.ARM.Collect$$libshutdown$$0000000F)
    __rt_lib_shutdown_return                 0x08000153   Thumb Code     0  libshutdown2.o(.ARM.Collect$$libshutdown$$00000010)
    __rt_lib_shutdown_signal_1               0x08000153   Thumb Code     0  libshutdown2.o(.ARM.Collect$$libshutdown$$0000000A)
    __rt_lib_shutdown_stdio_1                0x08000153   Thumb Code     0  libshutdown2.o(.ARM.Collect$$libshutdown$$00000004)
    __rt_lib_shutdown_user_alloc_1           0x08000153   Thumb Code     0  libshutdown2.o(.ARM.Collect$$libshutdown$$0000000C)
    __rt_entry                               0x08000155   Thumb Code     0  __rtentry.o(.ARM.Collect$$rtentry$$00000000)
    __rt_entry_presh_1                       0x08000155   Thumb Code     0  __rtentry2.o(.ARM.Collect$$rtentry$$00000002)
    __rt_entry_sh                            0x08000155   Thumb Code     0  __rtentry4.o(.ARM.Collect$$rtentry$$00000004)
    __rt_entry_li                            0x0800015b   Thumb Code     0  __rtentry2.o(.ARM.Collect$$rtentry$$0000000A)
    __rt_entry_postsh_1                      0x0800015b   Thumb Code     0  __rtentry2.o(.ARM.Collect$$rtentry$$00000009)
    __rt_entry_main                          0x0800015f   Thumb Code     0  __rtentry2.o(.ARM.Collect$$rtentry$$0000000D)
    __rt_entry_postli_1                      0x0800015f   Thumb Code     0  __rtentry2.o(.ARM.Collect$$rtentry$$0000000C)
    __rt_exit                                0x08000167   Thumb Code     0  rtexit.o(.ARM.Collect$$rtexit$$00000000)
    __rt_exit_ls                             0x08000169   Thumb Code     0  rtexit2.o(.ARM.Collect$$rtexit$$00000003)
    __rt_exit_prels_1                        0x08000169   Thumb Code     0  rtexit2.o(.ARM.Collect$$rtexit$$00000002)
    __rt_exit_exit                           0x0800016d   Thumb Code     0  rtexit2.o(.ARM.Collect$$rtexit$$00000004)
    Reset_Handler                            0x08000175   Thumb Code     8  startup_stm32g030xx.o(.text)
    ADC1_IRQHandler                          0x08000187   Thumb Code     0  startup_stm32g030xx.o(.text)
    DMA1_Ch4_5_DMAMUX1_OVR_IRQHandler        0x08000187   Thumb Code     0  startup_stm32g030xx.o(.text)
    DMA1_Channel1_IRQHandler                 0x08000187   Thumb Code     0  startup_stm32g030xx.o(.text)
    DMA1_Channel2_3_IRQHandler               0x08000187   Thumb Code     0  startup_stm32g030xx.o(.text)
    EXTI0_1_IRQHandler                       0x08000187   Thumb Code     0  startup_stm32g030xx.o(.text)
    EXTI2_3_IRQHandler                       0x08000187   Thumb Code     0  startup_stm32g030xx.o(.text)
    EXTI4_15_IRQHandler                      0x08000187   Thumb Code     0  startup_stm32g030xx.o(.text)
    FLASH_IRQHandler                         0x08000187   Thumb Code     0  startup_stm32g030xx.o(.text)
    I2C2_IRQHandler                          0x08000187   Thumb Code     0  startup_stm32g030xx.o(.text)
    RCC_IRQHandler                           0x08000187   Thumb Code     0  startup_stm32g030xx.o(.text)
    RTC_TAMP_IRQHandler                      0x08000187   Thumb Code     0  startup_stm32g030xx.o(.text)
    SPI1_IRQHandler                          0x08000187   Thumb Code     0  startup_stm32g030xx.o(.text)
    SPI2_IRQHandler                          0x08000187   Thumb Code     0  startup_stm32g030xx.o(.text)
    TIM14_IRQHandler                         0x08000187   Thumb Code     0  startup_stm32g030xx.o(.text)
    TIM16_IRQHandler                         0x08000187   Thumb Code     0  startup_stm32g030xx.o(.text)
    TIM17_IRQHandler                         0x08000187   Thumb Code     0  startup_stm32g030xx.o(.text)
    USART1_IRQHandler                        0x08000187   Thumb Code     0  startup_stm32g030xx.o(.text)
    USART2_IRQHandler                        0x08000187   Thumb Code     0  startup_stm32g030xx.o(.text)
    WWDG_IRQHandler                          0x08000187   Thumb Code     0  startup_stm32g030xx.o(.text)
    __user_initial_stackheap                 0x08000189   Thumb Code     0  startup_stm32g030xx.o(.text)
    __2sprintf                               0x080001ad   Thumb Code    36  noretval__2sprintf.o(.text)
    __printf                                 0x080001d5   Thumb Code   108  __printf.o(.text)
    _printf_int_hex                          0x08000241   Thumb Code    84  _printf_hex_int.o(.text)
    _printf_longlong_hex                     0x08000241   Thumb Code     0  _printf_hex_int.o(.text)
    __use_two_region_memory                  0x08000299   Thumb Code     2  heapauxi.o(.text)
    __rt_heap_escrow$2region                 0x0800029b   Thumb Code     2  heapauxi.o(.text)
    __rt_heap_expand$2region                 0x0800029d   Thumb Code     2  heapauxi.o(.text)
    __aeabi_d2f                              0x080002a1   Thumb Code     0  d2f.o(.text)
    _d2f                                     0x080002a1   Thumb Code   120  d2f.o(.text)
    __aeabi_i2d_normalise                    0x0800031d   Thumb Code    66  dflti.o(.text)
    __aeabi_i2d                              0x0800035f   Thumb Code    16  dflti.o(.text)
    _dflt                                    0x0800035f   Thumb Code     0  dflti.o(.text)
    __aeabi_ui2d                             0x0800036f   Thumb Code     6  dflti.o(.text)
    _dfltu                                   0x0800036f   Thumb Code     0  dflti.o(.text)
    __aeabi_dmul                             0x08000375   Thumb Code     0  dmul.o(.text)
    _dmul                                    0x08000375   Thumb Code   558  dmul.o(.text)
    _printf_int_common                       0x080005bd   Thumb Code   176  _printf_intcommon.o(.text)
    _printf_char_common                      0x08000677   Thumb Code    32  _printf_char_common.o(.text)
    _sputc                                   0x0800069d   Thumb Code    10  _sputc.o(.text)
    __user_setup_stackheap                   0x080006a7   Thumb Code    62  sys_stackheap_outer.o(.text)
    exit                                     0x080006e5   Thumb Code    16  exit.o(.text)
    __user_libspace                          0x080006f5   Thumb Code     8  libspace.o(.text)
    __user_perproc_libspace                  0x080006f5   Thumb Code     0  libspace.o(.text)
    __user_perthread_libspace                0x080006f5   Thumb Code     0  libspace.o(.text)
    _sys_exit                                0x080006fd   Thumb Code     8  sys_exit.o(.text)
    __I$use$semihosting                      0x08000709   Thumb Code     0  use_no_semi.o(.text)
    __use_no_semihosting_swi                 0x08000709   Thumb Code     2  use_no_semi.o(.text)
    Error_Handler                            0x0800070b   Thumb Code     8  main.o(.text.Error_Handler)
    __semihosting_library_function           0x0800070b   Thumb Code     0  indicate_semi.o(.text)
    HAL_DMA_Abort_IT                         0x08000715   Thumb Code   108  stm32g0xx_hal_dma.o(.text.HAL_DMA_Abort_IT)
    HAL_DMA_GetState                         0x08000789   Thumb Code     6  stm32g0xx_hal_dma.o(.text.HAL_DMA_GetState)
    HAL_Delay                                0x08000791   Thumb Code    32  stm32g0xx_hal.o(.text.HAL_Delay)
    HAL_GPIO_Init                            0x080007b5   Thumb Code   400  stm32g0xx_hal_gpio.o(.text.HAL_GPIO_Init)
    HAL_GPIO_WritePin                        0x08000959   Thumb Code    16  stm32g0xx_hal_gpio.o(.text.HAL_GPIO_WritePin)
    HAL_GetTick                              0x08000969   Thumb Code     8  stm32g0xx_hal.o(.text.HAL_GetTick)
    HAL_I2CEx_ConfigAnalogFilter             0x08000975   Thumb Code    66  stm32g0xx_hal_i2c_ex.o(.text.HAL_I2CEx_ConfigAnalogFilter)
    HAL_I2CEx_ConfigDigitalFilter            0x080009b7   Thumb Code    66  stm32g0xx_hal_i2c_ex.o(.text.HAL_I2CEx_ConfigDigitalFilter)
    HAL_I2C_AbortCpltCallback                0x080009f9   Thumb Code     2  stm32g0xx_hal_i2c.o(.text.HAL_I2C_AbortCpltCallback)
    HAL_I2C_AddrCallback                     0x080009fb   Thumb Code     2  stm32g0xx_hal_i2c.o(.text.HAL_I2C_AddrCallback)
    HAL_I2C_ER_IRQHandler                    0x080009fd   Thumb Code   130  stm32g0xx_hal_i2c.o(.text.HAL_I2C_ER_IRQHandler)
    HAL_I2C_EV_IRQHandler                    0x08000a7f   Thumb Code    18  stm32g0xx_hal_i2c.o(.text.HAL_I2C_EV_IRQHandler)
    HAL_I2C_ErrorCallback                    0x08000a91   Thumb Code     2  stm32g0xx_hal_i2c.o(.text.HAL_I2C_ErrorCallback)
    HAL_I2C_GetState                         0x08000a93   Thumb Code     6  stm32g0xx_hal_i2c.o(.text.HAL_I2C_GetState)
    HAL_I2C_Init                             0x08000a99   Thumb Code   160  stm32g0xx_hal_i2c.o(.text.HAL_I2C_Init)
    HAL_I2C_IsDeviceReady                    0x08000b41   Thumb Code   460  stm32g0xx_hal_i2c.o(.text.HAL_I2C_IsDeviceReady)
    HAL_I2C_ListenCpltCallback               0x08000d11   Thumb Code     2  stm32g0xx_hal_i2c.o(.text.HAL_I2C_ListenCpltCallback)
    HAL_I2C_MasterRxCpltCallback             0x08000d13   Thumb Code     2  stm32g0xx_hal_i2c.o(.text.HAL_I2C_MasterRxCpltCallback)
    HAL_I2C_MasterTxCpltCallback             0x08000d15   Thumb Code     2  stm32g0xx_hal_i2c.o(.text.HAL_I2C_MasterTxCpltCallback)
    HAL_I2C_Master_Receive_IT                0x08000d19   Thumb Code   116  stm32g0xx_hal_i2c.o(.text.HAL_I2C_Master_Receive_IT)
    HAL_I2C_Master_Transmit                  0x08000d91   Thumb Code   484  stm32g0xx_hal_i2c.o(.text.HAL_I2C_Master_Transmit)
    HAL_I2C_Master_Transmit_IT               0x08000f7d   Thumb Code   124  stm32g0xx_hal_i2c.o(.text.HAL_I2C_Master_Transmit_IT)
    HAL_I2C_MemRxCpltCallback                0x08001009   Thumb Code     2  stm32g0xx_hal_i2c.o(.text.HAL_I2C_MemRxCpltCallback)
    HAL_I2C_MemTxCpltCallback                0x0800100b   Thumb Code     2  stm32g0xx_hal_i2c.o(.text.HAL_I2C_MemTxCpltCallback)
    HAL_I2C_Mem_Read                         0x0800100d   Thumb Code   524  stm32g0xx_hal_i2c.o(.text.HAL_I2C_Mem_Read)
    HAL_I2C_Mem_Write                        0x08001235   Thumb Code   488  stm32g0xx_hal_i2c.o(.text.HAL_I2C_Mem_Write)
    HAL_I2C_MspInit                          0x0800142d   Thumb Code   132  i2c.o(.text.HAL_I2C_MspInit)
    HAL_I2C_SlaveRxCpltCallback              0x080014b9   Thumb Code     2  stm32g0xx_hal_i2c.o(.text.HAL_I2C_SlaveRxCpltCallback)
    HAL_I2C_SlaveTxCpltCallback              0x080014bb   Thumb Code     2  stm32g0xx_hal_i2c.o(.text.HAL_I2C_SlaveTxCpltCallback)
    HAL_IncTick                              0x080014bd   Thumb Code    16  stm32g0xx_hal.o(.text.HAL_IncTick)
    HAL_Init                                 0x080014d1   Thumb Code    40  stm32g0xx_hal.o(.text.HAL_Init)
    HAL_InitTick                             0x080014fd   Thumb Code    64  stm32g0xx_hal.o(.text.HAL_InitTick)
    HAL_MspInit                              0x08001541   Thumb Code    40  stm32g0xx_hal_msp.o(.text.HAL_MspInit)
    HAL_NVIC_EnableIRQ                       0x0800156d   Thumb Code    20  stm32g0xx_hal_cortex.o(.text.HAL_NVIC_EnableIRQ)
    HAL_NVIC_SetPriority                     0x08001585   Thumb Code    48  stm32g0xx_hal_cortex.o(.text.HAL_NVIC_SetPriority)
    HAL_PWREx_ControlVoltageScaling          0x080015bd   Thumb Code   116  stm32g0xx_hal_pwr_ex.o(.text.HAL_PWREx_ControlVoltageScaling)
    HAL_RCCEx_PeriphCLKConfig                0x0800163d   Thumb Code   364  stm32g0xx_hal_rcc_ex.o(.text.HAL_RCCEx_PeriphCLKConfig)
    HAL_RCC_ClockConfig                      0x080017b9   Thumb Code   488  stm32g0xx_hal_rcc.o(.text.HAL_RCC_ClockConfig)
    HAL_RCC_GetPCLK1Freq                     0x080019b5   Thumb Code    28  stm32g0xx_hal_rcc.o(.text.HAL_RCC_GetPCLK1Freq)
    HAL_RCC_GetSysClockFreq                  0x080019d9   Thumb Code   124  stm32g0xx_hal_rcc.o(.text.HAL_RCC_GetSysClockFreq)
    HAL_RCC_OscConfig                        0x08001a61   Thumb Code  1020  stm32g0xx_hal_rcc.o(.text.HAL_RCC_OscConfig)
    HAL_SPI_Init                             0x08001e7d   Thumb Code   248  stm32g0xx_hal_spi.o(.text.HAL_SPI_Init)
    HAL_SPI_MspInit                          0x08001f75   Thumb Code   116  spi.o(.text.HAL_SPI_MspInit)
    HAL_SPI_Transmit                         0x08001ff5   Thumb Code   516  stm32g0xx_hal_spi.o(.text.HAL_SPI_Transmit)
    HAL_SYSTICK_Config                       0x080021fd   Thumb Code    40  stm32g0xx_hal_cortex.o(.text.HAL_SYSTICK_Config)
    HAL_TIMEx_Break2Callback                 0x08002231   Thumb Code     2  stm32g0xx_hal_tim_ex.o(.text.HAL_TIMEx_Break2Callback)
    HAL_TIMEx_BreakCallback                  0x08002233   Thumb Code     2  stm32g0xx_hal_tim_ex.o(.text.HAL_TIMEx_BreakCallback)
    HAL_TIMEx_CommutCallback                 0x08002235   Thumb Code     2  stm32g0xx_hal_tim_ex.o(.text.HAL_TIMEx_CommutCallback)
    HAL_TIMEx_MasterConfigSynchronization    0x08002239   Thumb Code    88  stm32g0xx_hal_tim_ex.o(.text.HAL_TIMEx_MasterConfigSynchronization)
    HAL_TIM_Base_Init                        0x08002291   Thumb Code   204  stm32g0xx_hal_tim.o(.text.HAL_TIM_Base_Init)
    HAL_TIM_Base_MspInit                     0x0800236d   Thumb Code   100  tim.o(.text.HAL_TIM_Base_MspInit)
    HAL_TIM_Base_Start_IT                    0x080023d5   Thumb Code    76  stm32g0xx_hal_tim.o(.text.HAL_TIM_Base_Start_IT)
    HAL_TIM_ConfigClockSource                0x0800242d   Thumb Code   340  stm32g0xx_hal_tim.o(.text.HAL_TIM_ConfigClockSource)
    HAL_TIM_IC_CaptureCallback               0x08002589   Thumb Code     2  stm32g0xx_hal_tim.o(.text.HAL_TIM_IC_CaptureCallback)
    HAL_TIM_IRQHandler                       0x0800258d   Thumb Code   352  stm32g0xx_hal_tim.o(.text.HAL_TIM_IRQHandler)
    HAL_TIM_OC_DelayElapsedCallback          0x080026f1   Thumb Code     2  stm32g0xx_hal_tim.o(.text.HAL_TIM_OC_DelayElapsedCallback)
    HAL_TIM_PWM_PulseFinishedCallback        0x080026f3   Thumb Code     2  stm32g0xx_hal_tim.o(.text.HAL_TIM_PWM_PulseFinishedCallback)
    HAL_TIM_PeriodElapsedCallback            0x080026f5   Thumb Code    32  stm32g0xx_it.o(.text.HAL_TIM_PeriodElapsedCallback)
    HAL_TIM_TriggerCallback                  0x08002725   Thumb Code     2  stm32g0xx_hal_tim.o(.text.HAL_TIM_TriggerCallback)
    HAL_UART_Init                            0x08002729   Thumb Code   200  stm32g0xx_hal_uart.o(.text.HAL_UART_Init)
    HAL_UART_MspInit                         0x080027f5   Thumb Code    80  usart.o(.text.HAL_UART_MspInit)
    HAL_UART_Transmit                        0x0800284d   Thumb Code   248  stm32g0xx_hal_uart.o(.text.HAL_UART_Transmit)
    HardFault_Handler                        0x08002949   Thumb Code     2  stm32g0xx_it.o(.text.HardFault_Handler)
    I2C1_IRQHandler                          0x0800294d   Thumb Code    32  stm32g0xx_it.o(.text.I2C1_IRQHandler)
    MX_GPIO_Init                             0x08003815   Thumb Code   120  gpio.o(.text.MX_GPIO_Init)
    MX_I2C1_Init                             0x08003895   Thumb Code    76  i2c.o(.text.MX_I2C1_Init)
    MX_SPI1_Init                             0x080038ed   Thumb Code    64  spi.o(.text.MX_SPI1_Init)
    MX_TIM1_Init                             0x08003935   Thumb Code    96  tim.o(.text.MX_TIM1_Init)
    MX_TIM3_Init                             0x0800399d   Thumb Code    96  tim.o(.text.MX_TIM3_Init)
    MX_USART2_UART_Init                      0x08003a05   Thumb Code    52  usart.o(.text.MX_USART2_UART_Init)
    NMI_Handler                              0x08003a41   Thumb Code     2  stm32g0xx_it.o(.text.NMI_Handler)
    PendSV_Handler                           0x08003a43   Thumb Code     2  stm32g0xx_it.o(.text.PendSV_Handler)
    SVC_Handler                              0x08003c75   Thumb Code     2  stm32g0xx_it.o(.text.SVC_Handler)
    SysTick_Handler                          0x08003c77   Thumb Code     8  stm32g0xx_it.o(.text.SysTick_Handler)
    SystemInit                               0x08003c7f   Thumb Code     2  system_stm32g0xx.o(.text.SystemInit)
    TIM1_BRK_UP_TRG_COM_IRQHandler           0x08003c81   Thumb Code    12  stm32g0xx_it.o(.text.TIM1_BRK_UP_TRG_COM_IRQHandler)
    TIM1_CC_IRQHandler                       0x08003c8d   Thumb Code    12  stm32g0xx_it.o(.text.TIM1_CC_IRQHandler)
    TIM3_IRQHandler                          0x08003c9d   Thumb Code    12  stm32g0xx_it.o(.text.TIM3_IRQHandler)
    UART_AdvFeatureConfig                    0x08003cad   Thumb Code   210  stm32g0xx_hal_uart.o(.text.UART_AdvFeatureConfig)
    UART_SetConfig                           0x08003d81   Thumb Code   312  stm32g0xx_hal_uart.o(.text.UART_SetConfig)
    UART_WaitOnFlagUntilTimeout              0x08003eed   Thumb Code   312  stm32g0xx_hal_uart.o(.text.UART_WaitOnFlagUntilTimeout)
    configureCCS811                          0x08004025   Thumb Code   376  ccs811_basic.o(.text.configureCCS811)
    main                                     0x080041d1   Thumb Code   616  main.o(.text.main)
    readAlgorithmResults                     0x08004475   Thumb Code    56  ccs811_basic.o(.text.readAlgorithmResults)
    setDriveMode                             0x080044b1   Thumb Code   172  ccs811_basic.o(.text.setDriveMode)
    __aeabi_uidiv                            0x08004565   Thumb Code    68  aeabi_sdivfast.o(.text_divfast)
    __aeabi_idiv                             0x080045a9   Thumb Code   434  aeabi_sdivfast.o(.text_divfast)
    __aeabi_fadd                             0x0800475d   Thumb Code     0  faddsub.o(x$fpl$fadd)
    _fadd                                    0x0800475d   Thumb Code   134  faddsub.o(x$fpl$fadd)
    __aeabi_fsub                             0x080047e9   Thumb Code     0  faddsub.o(x$fpl$fsub)
    _fsub                                    0x080047e9   Thumb Code   204  faddsub.o(x$fpl$fsub)
    __I$use$fp                               0x080048b8   Number         0  usenofp.o(x$fpl$usenofp)
    AHBPrescTable                            0x080048e0   Data          64  system_stm32g0xx.o(.rodata.AHBPrescTable)
    APBPrescTable                            0x08004920   Data          32  system_stm32g0xx.o(.rodata.APBPrescTable)
    UARTPrescTable                           0x08004940   Data          24  stm32g0xx_hal_uart.o(.rodata.UARTPrescTable)
    Region$$Table$$Base                      0x08004958   Number         0  anon$$obj.o(Region$$Table)
    Region$$Table$$Limit                     0x08004978   Number         0  anon$$obj.o(Region$$Table)
    AHT10_Switcher                           0x20000000   Data           1  main.o(.data..L_MergedGlobals)
    AHT10_TmpHum_Cmd                         0x20000001   Data           3  main.o(.data..L_MergedGlobals)
    dacReset                                 0x20000004   Data           3  main.o(.data..L_MergedGlobals)
    dacRegister                              0x20000007   Data           3  main.o(.data..L_MergedGlobals)
    dacUpdate                                0x2000000a   Data           3  main.o(.data..L_MergedGlobals)
    Space                                    0x2000000d   Data           4  main.o(.data..L_MergedGlobals)
    EndMSG                                   0x20000011   Data          11  main.o(.data..L_MergedGlobals)
    StartMSG                                 0x2000001c   Data          26  main.o(.data..L_MergedGlobals)
    uwTickFreq                               0x20000038   Data           1  stm32g0xx_hal.o(.data..L_MergedGlobals)
    uwTickPrio                               0x2000003c   Data           4  stm32g0xx_hal.o(.data..L_MergedGlobals)
    Mode_CCS811                              0x20000040   Data           1  ccs811_basic.o(.data.Mode_CCS811)
    SystemCoreClock                          0x20000044   Data           4  system_stm32g0xx.o(.data.SystemCoreClock)
    __libspace_start                         0x20000048   Data          96  libspace.o(.bss)
    __temporary_stack_top$libspace           0x200000a8   Data           0  libspace.o(.bss)
    current_value                            0x200000a8   Data           1  ccs811_basic.o(.bss..L_MergedGlobals)
    adc_raw                                  0x200000aa   Data           2  ccs811_basic.o(.bss..L_MergedGlobals)
    tVOC                                     0x200000ac   Data           4  ccs811_basic.o(.bss..L_MergedGlobals)
    CO2                                      0x200000b0   Data           4  ccs811_basic.o(.bss..L_MergedGlobals)
    AHT10_ADC_Raw                            0x200000b4   Data           4  main.o(.bss..L_MergedGlobals.1)
    AHT10_Temperature                        0x200000b8   Data           4  main.o(.bss..L_MergedGlobals.1)
    AHT10_Humidity                           0x200000bc   Data           4  main.o(.bss..L_MergedGlobals.1)
    AHT10_RX_Data                            0x200000c0   Data           6  main.o(.bss..L_MergedGlobals.1)
    Buffer                                   0x200000c6   Data          25  main.o(.bss..L_MergedGlobals.1)
    conter                                   0x200000e0   Data           2  stm32g0xx_it.o(.bss.conter)
    conter2                                  0x200000e2   Data           2  main.o(.bss.conter2)
    errvalue                                 0x200000e4   Data           1  ccs811_basic.o(.bss.errvalue)
    hi2c1                                    0x200000e8   Data          76  i2c.o(.bss.hi2c1)
    hspi1                                    0x20000134   Data         100  spi.o(.bss.hspi1)
    htim1                                    0x20000198   Data          76  tim.o(.bss.htim1)
    htim3                                    0x200001e4   Data          76  tim.o(.bss.htim3)
    huart2                                   0x20000230   Data         144  usart.o(.bss.huart2)
    mosetting                                0x200002c0   Data           1  ccs811_basic.o(.bss.mosetting)
    uwTick                                   0x200002c4   Data           4  stm32g0xx_hal.o(.bss.uwTick)



==============================================================================

Memory Map of the image

  Image Entry point : 0x080000c1

  Load Region LR_IROM1 (Base: 0x08000000, Size: 0x000049c0, Max: 0x00010000, ABSOLUTE)

    Execution Region ER_IROM1 (Exec base: 0x08000000, Load base: 0x08000000, Size: 0x00004978, Max: 0x00010000, ABSOLUTE)

    Exec Addr    Load Addr    Size         Type   Attr      Idx    E Section Name        Object

    0x08000000   0x08000000   0x000000c0   Data   RO            3    RESET               startup_stm32g030xx.o
    0x080000c0   0x080000c0   0x00000008   Code   RO         1480  * !!!main             c_p.l(__main.o)
    0x080000c8   0x080000c8   0x0000003c   Code   RO         1683    !!!scatter          c_p.l(__scatter.o)
    0x08000104   0x08000104   0x0000001a   Code   RO         1685    !!handler_copy      c_p.l(__scatter_copy.o)
    0x0800011e   0x0800011e   0x00000002   PAD
    0x08000120   0x08000120   0x0000001c   Code   RO         1687    !!handler_zi        c_p.l(__scatter_zi.o)
    0x0800013c   0x0800013c   0x00000002   Code   RO         1469    .ARM.Collect$$_printf_percent$$00000000  c_p.l(_printf_percent.o)
    0x0800013e   0x0800013e   0x0000000a   Code   RO         1468    .ARM.Collect$$_printf_percent$$0000000C  c_p.l(_printf_x.o)
    0x08000148   0x08000148   0x00000004   Code   RO         1509    .ARM.Collect$$_printf_percent$$00000017  c_p.l(_printf_percent_end.o)
    0x0800014c   0x0800014c   0x00000002   Code   RO         1544    .ARM.Collect$$libinit$$00000000  c_p.l(libinit.o)
    0x0800014e   0x0800014e   0x00000000   Code   RO         1558    .ARM.Collect$$libinit$$00000002  c_p.l(libinit2.o)
    0x0800014e   0x0800014e   0x00000000   Code   RO         1560    .ARM.Collect$$libinit$$00000004  c_p.l(libinit2.o)
    0x0800014e   0x0800014e   0x00000000   Code   RO         1562    .ARM.Collect$$libinit$$00000006  c_p.l(libinit2.o)
    0x0800014e   0x0800014e   0x00000000   Code   RO         1565    .ARM.Collect$$libinit$$0000000C  c_p.l(libinit2.o)
    0x0800014e   0x0800014e   0x00000000   Code   RO         1567    .ARM.Collect$$libinit$$0000000E  c_p.l(libinit2.o)
    0x0800014e   0x0800014e   0x00000000   Code   RO         1569    .ARM.Collect$$libinit$$00000010  c_p.l(libinit2.o)
    0x0800014e   0x0800014e   0x00000000   Code   RO         1572    .ARM.Collect$$libinit$$00000013  c_p.l(libinit2.o)
    0x0800014e   0x0800014e   0x00000000   Code   RO         1574    .ARM.Collect$$libinit$$00000015  c_p.l(libinit2.o)
    0x0800014e   0x0800014e   0x00000000   Code   RO         1576    .ARM.Collect$$libinit$$00000017  c_p.l(libinit2.o)
    0x0800014e   0x0800014e   0x00000000   Code   RO         1578    .ARM.Collect$$libinit$$00000019  c_p.l(libinit2.o)
    0x0800014e   0x0800014e   0x00000000   Code   RO         1580    .ARM.Collect$$libinit$$0000001B  c_p.l(libinit2.o)
    0x0800014e   0x0800014e   0x00000000   Code   RO         1582    .ARM.Collect$$libinit$$0000001D  c_p.l(libinit2.o)
    0x0800014e   0x0800014e   0x00000000   Code   RO         1584    .ARM.Collect$$libinit$$0000001F  c_p.l(libinit2.o)
    0x0800014e   0x0800014e   0x00000000   Code   RO         1586    .ARM.Collect$$libinit$$00000021  c_p.l(libinit2.o)
    0x0800014e   0x0800014e   0x00000000   Code   RO         1588    .ARM.Collect$$libinit$$00000023  c_p.l(libinit2.o)
    0x0800014e   0x0800014e   0x00000000   Code   RO         1590    .ARM.Collect$$libinit$$00000025  c_p.l(libinit2.o)
    0x0800014e   0x0800014e   0x00000000   Code   RO         1592    .ARM.Collect$$libinit$$00000027  c_p.l(libinit2.o)
    0x0800014e   0x0800014e   0x00000000   Code   RO         1596    .ARM.Collect$$libinit$$0000002E  c_p.l(libinit2.o)
    0x0800014e   0x0800014e   0x00000000   Code   RO         1598    .ARM.Collect$$libinit$$00000030  c_p.l(libinit2.o)
    0x0800014e   0x0800014e   0x00000000   Code   RO         1600    .ARM.Collect$$libinit$$00000032  c_p.l(libinit2.o)
    0x0800014e   0x0800014e   0x00000000   Code   RO         1602    .ARM.Collect$$libinit$$00000034  c_p.l(libinit2.o)
    0x0800014e   0x0800014e   0x00000002   Code   RO         1603    .ARM.Collect$$libinit$$00000035  c_p.l(libinit2.o)
    0x08000150   0x08000150   0x00000002   Code   RO         1638    .ARM.Collect$$libshutdown$$00000000  c_p.l(libshutdown.o)
    0x08000152   0x08000152   0x00000000   Code   RO         1666    .ARM.Collect$$libshutdown$$00000002  c_p.l(libshutdown2.o)
    0x08000152   0x08000152   0x00000000   Code   RO         1668    .ARM.Collect$$libshutdown$$00000004  c_p.l(libshutdown2.o)
    0x08000152   0x08000152   0x00000000   Code   RO         1671    .ARM.Collect$$libshutdown$$00000007  c_p.l(libshutdown2.o)
    0x08000152   0x08000152   0x00000000   Code   RO         1674    .ARM.Collect$$libshutdown$$0000000A  c_p.l(libshutdown2.o)
    0x08000152   0x08000152   0x00000000   Code   RO         1676    .ARM.Collect$$libshutdown$$0000000C  c_p.l(libshutdown2.o)
    0x08000152   0x08000152   0x00000000   Code   RO         1679    .ARM.Collect$$libshutdown$$0000000F  c_p.l(libshutdown2.o)
    0x08000152   0x08000152   0x00000002   Code   RO         1680    .ARM.Collect$$libshutdown$$00000010  c_p.l(libshutdown2.o)
    0x08000154   0x08000154   0x00000000   Code   RO         1498    .ARM.Collect$$rtentry$$00000000  c_p.l(__rtentry.o)
    0x08000154   0x08000154   0x00000000   Code   RO         1512    .ARM.Collect$$rtentry$$00000002  c_p.l(__rtentry2.o)
    0x08000154   0x08000154   0x00000006   Code   RO         1524    .ARM.Collect$$rtentry$$00000004  c_p.l(__rtentry4.o)
    0x0800015a   0x0800015a   0x00000000   Code   RO         1514    .ARM.Collect$$rtentry$$00000009  c_p.l(__rtentry2.o)
    0x0800015a   0x0800015a   0x00000004   Code   RO         1515    .ARM.Collect$$rtentry$$0000000A  c_p.l(__rtentry2.o)
    0x0800015e   0x0800015e   0x00000000   Code   RO         1517    .ARM.Collect$$rtentry$$0000000C  c_p.l(__rtentry2.o)
    0x0800015e   0x0800015e   0x00000008   Code   RO         1518    .ARM.Collect$$rtentry$$0000000D  c_p.l(__rtentry2.o)
    0x08000166   0x08000166   0x00000002   Code   RO         1549    .ARM.Collect$$rtexit$$00000000  c_p.l(rtexit.o)
    0x08000168   0x08000168   0x00000000   Code   RO         1609    .ARM.Collect$$rtexit$$00000002  c_p.l(rtexit2.o)
    0x08000168   0x08000168   0x00000004   Code   RO         1610    .ARM.Collect$$rtexit$$00000003  c_p.l(rtexit2.o)
    0x0800016c   0x0800016c   0x00000006   Code   RO         1611    .ARM.Collect$$rtexit$$00000004  c_p.l(rtexit2.o)
    0x08000172   0x08000172   0x00000002   PAD
    0x08000174   0x08000174   0x00000038   Code   RO            4    .text               startup_stm32g030xx.o
    0x080001ac   0x080001ac   0x00000028   Code   RO         1423    .text               c_p.l(noretval__2sprintf.o)
    0x080001d4   0x080001d4   0x0000006c   Code   RO         1425    .text               c_p.l(__printf.o)
    0x08000240   0x08000240   0x00000058   Code   RO         1430    .text               c_p.l(_printf_hex_int.o)
    0x08000298   0x08000298   0x00000006   Code   RO         1478    .text               c_p.l(heapauxi.o)
    0x0800029e   0x0800029e   0x00000002   PAD
    0x080002a0   0x080002a0   0x0000007c   Code   RO         1482    .text               fz_ps.l(d2f.o)
    0x0800031c   0x0800031c   0x00000058   Code   RO         1484    .text               fz_ps.l(dflti.o)
    0x08000374   0x08000374   0x00000248   Code   RO         1486    .text               fz_ps.l(dmul.o)
    0x080005bc   0x080005bc   0x000000b0   Code   RO         1503    .text               c_p.l(_printf_intcommon.o)
    0x0800066c   0x0800066c   0x00000030   Code   RO         1505    .text               c_p.l(_printf_char_common.o)
    0x0800069c   0x0800069c   0x0000000a   Code   RO         1507    .text               c_p.l(_sputc.o)
    0x080006a6   0x080006a6   0x0000003e   Code   RO         1530    .text               c_p.l(sys_stackheap_outer.o)
    0x080006e4   0x080006e4   0x00000010   Code   RO         1533    .text               c_p.l(exit.o)
    0x080006f4   0x080006f4   0x00000008   Code   RO         1545    .text               c_p.l(libspace.o)
    0x080006fc   0x080006fc   0x0000000c   Code   RO         1604    .text               c_p.l(sys_exit.o)
    0x08000708   0x08000708   0x00000002   Code   RO         1627    .text               c_p.l(use_no_semi.o)
    0x0800070a   0x0800070a   0x00000000   Code   RO         1629    .text               c_p.l(indicate_semi.o)
    0x0800070a   0x0800070a   0x00000008   Code   RO           74    .text.Error_Handler  main.o
    0x08000712   0x08000712   0x00000002   PAD
    0x08000714   0x08000714   0x00000074   Code   RO          522    .text.HAL_DMA_Abort_IT  stm32g0xx_hal_dma.o
    0x08000788   0x08000788   0x00000006   Code   RO          532    .text.HAL_DMA_GetState  stm32g0xx_hal_dma.o
    0x0800078e   0x0800078e   0x00000002   PAD
    0x08000790   0x08000790   0x00000024   Code   RO          693    .text.HAL_Delay     stm32g0xx_hal.o
    0x080007b4   0x080007b4   0x000001a4   Code   RO          486    .text.HAL_GPIO_Init  stm32g0xx_hal_gpio.o
    0x08000958   0x08000958   0x00000010   Code   RO          492    .text.HAL_GPIO_WritePin  stm32g0xx_hal_gpio.o
    0x08000968   0x08000968   0x0000000c   Code   RO          685    .text.HAL_GetTick   stm32g0xx_hal.o
    0x08000974   0x08000974   0x00000042   Code   RO          350    .text.HAL_I2CEx_ConfigAnalogFilter  stm32g0xx_hal_i2c_ex.o
    0x080009b6   0x080009b6   0x00000042   Code   RO          352    .text.HAL_I2CEx_ConfigDigitalFilter  stm32g0xx_hal_i2c_ex.o
    0x080009f8   0x080009f8   0x00000002   Code   RO          322    .text.HAL_I2C_AbortCpltCallback  stm32g0xx_hal_i2c.o
    0x080009fa   0x080009fa   0x00000002   Code   RO          312    .text.HAL_I2C_AddrCallback  stm32g0xx_hal_i2c.o
    0x080009fc   0x080009fc   0x00000082   Code   RO          300    .text.HAL_I2C_ER_IRQHandler  stm32g0xx_hal_i2c.o
    0x08000a7e   0x08000a7e   0x00000012   Code   RO          298    .text.HAL_I2C_EV_IRQHandler  stm32g0xx_hal_i2c.o
    0x08000a90   0x08000a90   0x00000002   Code   RO          320    .text.HAL_I2C_ErrorCallback  stm32g0xx_hal_i2c.o
    0x08000a92   0x08000a92   0x00000006   Code   RO          324    .text.HAL_I2C_GetState  stm32g0xx_hal_i2c.o
    0x08000a98   0x08000a98   0x000000a8   Code   RO          198    .text.HAL_I2C_Init  stm32g0xx_hal_i2c.o
    0x08000b40   0x08000b40   0x000001d0   Code   RO          272    .text.HAL_I2C_IsDeviceReady  stm32g0xx_hal_i2c.o
    0x08000d10   0x08000d10   0x00000002   Code   RO          314    .text.HAL_I2C_ListenCpltCallback  stm32g0xx_hal_i2c.o
    0x08000d12   0x08000d12   0x00000002   Code   RO          306    .text.HAL_I2C_MasterRxCpltCallback  stm32g0xx_hal_i2c.o
    0x08000d14   0x08000d14   0x00000002   Code   RO          304    .text.HAL_I2C_MasterTxCpltCallback  stm32g0xx_hal_i2c.o
    0x08000d16   0x08000d16   0x00000002   PAD
    0x08000d18   0x08000d18   0x00000078   Code   RO          226    .text.HAL_I2C_Master_Receive_IT  stm32g0xx_hal_i2c.o
    0x08000d90   0x08000d90   0x000001ec   Code   RO          206    .text.HAL_I2C_Master_Transmit  stm32g0xx_hal_i2c.o
    0x08000f7c   0x08000f7c   0x0000008c   Code   RO          222    .text.HAL_I2C_Master_Transmit_IT  stm32g0xx_hal_i2c.o
    0x08001008   0x08001008   0x00000002   Code   RO          318    .text.HAL_I2C_MemRxCpltCallback  stm32g0xx_hal_i2c.o
    0x0800100a   0x0800100a   0x00000002   Code   RO          316    .text.HAL_I2C_MemTxCpltCallback  stm32g0xx_hal_i2c.o
    0x0800100c   0x0800100c   0x00000228   Code   RO          260    .text.HAL_I2C_Mem_Read  stm32g0xx_hal_i2c.o
    0x08001234   0x08001234   0x000001f8   Code   RO          256    .text.HAL_I2C_Mem_Write  stm32g0xx_hal_i2c.o
    0x0800142c   0x0800142c   0x0000008c   Code   RO          100    .text.HAL_I2C_MspInit  i2c.o
    0x080014b8   0x080014b8   0x00000002   Code   RO          310    .text.HAL_I2C_SlaveRxCpltCallback  stm32g0xx_hal_i2c.o
    0x080014ba   0x080014ba   0x00000002   Code   RO          308    .text.HAL_I2C_SlaveTxCpltCallback  stm32g0xx_hal_i2c.o
    0x080014bc   0x080014bc   0x00000014   Code   RO          683    .text.HAL_IncTick   stm32g0xx_hal.o
    0x080014d0   0x080014d0   0x0000002c   Code   RO          673    .text.HAL_Init      stm32g0xx_hal.o
    0x080014fc   0x080014fc   0x00000044   Code   RO          675    .text.HAL_InitTick  stm32g0xx_hal.o
    0x08001540   0x08001540   0x0000002c   Code   RO          190    .text.HAL_MspInit   stm32g0xx_hal_msp.o
    0x0800156c   0x0800156c   0x00000018   Code   RO          637    .text.HAL_NVIC_EnableIRQ  stm32g0xx_hal_cortex.o
    0x08001584   0x08001584   0x00000038   Code   RO          635    .text.HAL_NVIC_SetPriority  stm32g0xx_hal_cortex.o
    0x080015bc   0x080015bc   0x00000080   Code   RO          621    .text.HAL_PWREx_ControlVoltageScaling  stm32g0xx_hal_pwr_ex.o
    0x0800163c   0x0800163c   0x0000017c   Code   RO          410    .text.HAL_RCCEx_PeriphCLKConfig  stm32g0xx_hal_rcc_ex.o
    0x080017b8   0x080017b8   0x000001fc   Code   RO          374    .text.HAL_RCC_ClockConfig  stm32g0xx_hal_rcc.o
    0x080019b4   0x080019b4   0x00000024   Code   RO          382    .text.HAL_RCC_GetPCLK1Freq  stm32g0xx_hal_rcc.o
    0x080019d8   0x080019d8   0x00000088   Code   RO          376    .text.HAL_RCC_GetSysClockFreq  stm32g0xx_hal_rcc.o
    0x08001a60   0x08001a60   0x0000041c   Code   RO          372    .text.HAL_RCC_OscConfig  stm32g0xx_hal_rcc.o
    0x08001e7c   0x08001e7c   0x000000f8   Code   RO          767    .text.HAL_SPI_Init  stm32g0xx_hal_spi.o
    0x08001f74   0x08001f74   0x00000080   Code   RO          115    .text.HAL_SPI_MspInit  spi.o
    0x08001ff4   0x08001ff4   0x00000208   Code   RO          775    .text.HAL_SPI_Transmit  stm32g0xx_hal_spi.o
    0x080021fc   0x080021fc   0x00000034   Code   RO          643    .text.HAL_SYSTICK_Config  stm32g0xx_hal_cortex.o
    0x08002230   0x08002230   0x00000002   Code   RO         1209    .text.HAL_TIMEx_Break2Callback  stm32g0xx_hal_tim_ex.o
    0x08002232   0x08002232   0x00000002   Code   RO         1207    .text.HAL_TIMEx_BreakCallback  stm32g0xx_hal_tim_ex.o
    0x08002234   0x08002234   0x00000002   Code   RO         1203    .text.HAL_TIMEx_CommutCallback  stm32g0xx_hal_tim_ex.o
    0x08002236   0x08002236   0x00000002   PAD
    0x08002238   0x08002238   0x00000058   Code   RO         1187    .text.HAL_TIMEx_MasterConfigSynchronization  stm32g0xx_hal_tim_ex.o
    0x08002290   0x08002290   0x000000dc   Code   RO          892    .text.HAL_TIM_Base_Init  stm32g0xx_hal_tim.o
    0x0800236c   0x0800236c   0x00000068   Code   RO          132    .text.HAL_TIM_Base_MspInit  tim.o
    0x080023d4   0x080023d4   0x00000058   Code   RO          906    .text.HAL_TIM_Base_Start_IT  stm32g0xx_hal_tim.o
    0x0800242c   0x0800242c   0x0000015c   Code   RO         1072    .text.HAL_TIM_ConfigClockSource  stm32g0xx_hal_tim.o
    0x08002588   0x08002588   0x00000002   Code   RO         1028    .text.HAL_TIM_IC_CaptureCallback  stm32g0xx_hal_tim.o
    0x0800258a   0x0800258a   0x00000002   PAD
    0x0800258c   0x0800258c   0x00000164   Code   RO         1026    .text.HAL_TIM_IRQHandler  stm32g0xx_hal_tim.o
    0x080026f0   0x080026f0   0x00000002   Code   RO         1030    .text.HAL_TIM_OC_DelayElapsedCallback  stm32g0xx_hal_tim.o
    0x080026f2   0x080026f2   0x00000002   Code   RO         1032    .text.HAL_TIM_PWM_PulseFinishedCallback  stm32g0xx_hal_tim.o
    0x080026f4   0x080026f4   0x00000030   Code   RO          161    .text.HAL_TIM_PeriodElapsedCallback  stm32g0xx_it.o
    0x08002724   0x08002724   0x00000002   Code   RO         1036    .text.HAL_TIM_TriggerCallback  stm32g0xx_hal_tim.o
    0x08002726   0x08002726   0x00000002   PAD
    0x08002728   0x08002728   0x000000cc   Code   RO         1223    .text.HAL_UART_Init  stm32g0xx_hal_uart.o
    0x080027f4   0x080027f4   0x00000058   Code   RO          148    .text.HAL_UART_MspInit  usart.o
    0x0800284c   0x0800284c   0x000000fc   Code   RO         1243    .text.HAL_UART_Transmit  stm32g0xx_hal_uart.o
    0x08002948   0x08002948   0x00000002   Code   RO          165    .text.HardFault_Handler  stm32g0xx_it.o
    0x0800294a   0x0800294a   0x00000002   PAD
    0x0800294c   0x0800294c   0x00000024   Code   RO          179    .text.I2C1_IRQHandler  stm32g0xx_it.o
    0x08002970   0x08002970   0x0000003e   Code   RO          284    .text.I2C_DMAAbort  stm32g0xx_hal_i2c.o
    0x080029ae   0x080029ae   0x00000002   PAD
    0x080029b0   0x080029b0   0x000000a8   Code   RO          338    .text.I2C_ITAddrCplt  stm32g0xx_hal_i2c.o
    0x08002a58   0x08002a58   0x00000138   Code   RO          302    .text.I2C_ITError   stm32g0xx_hal_i2c.o
    0x08002b90   0x08002b90   0x00000104   Code   RO          332    .text.I2C_ITMasterCplt  stm32g0xx_hal_i2c.o
    0x08002c94   0x08002c94   0x00000060   Code   RO          330    .text.I2C_ITMasterSeqCplt  stm32g0xx_hal_i2c.o
    0x08002cf4   0x08002cf4   0x00000200   Code   RO          334    .text.I2C_ITSlaveCplt  stm32g0xx_hal_i2c.o
    0x08002ef4   0x08002ef4   0x00000084   Code   RO          336    .text.I2C_ITSlaveSeqCplt  stm32g0xx_hal_i2c.o
    0x08002f78   0x08002f78   0x00000160   Code   RO          340    .text.I2C_IsErrorOccurred  stm32g0xx_hal_i2c.o
    0x080030d8   0x080030d8   0x0000017c   Code   RO          224    .text.I2C_Master_ISR_IT  stm32g0xx_hal_i2c.o
    0x08003254   0x08003254   0x000000c8   Code   RO          262    .text.I2C_RequestMemoryRead  stm32g0xx_hal_i2c.o
    0x0800331c   0x0800331c   0x000000f0   Code   RO          258    .text.I2C_RequestMemoryWrite  stm32g0xx_hal_i2c.o
    0x0800340c   0x0800340c   0x00000264   Code   RO          230    .text.I2C_Slave_ISR_IT  stm32g0xx_hal_i2c.o
    0x08003670   0x08003670   0x000000a8   Code   RO          208    .text.I2C_WaitOnFlagUntilTimeout  stm32g0xx_hal_i2c.o
    0x08003718   0x08003718   0x00000068   Code   RO          212    .text.I2C_WaitOnSTOPFlagUntilTimeout  stm32g0xx_hal_i2c.o
    0x08003780   0x08003780   0x00000092   Code   RO          210    .text.I2C_WaitOnTXISFlagUntilTimeout  stm32g0xx_hal_i2c.o
    0x08003812   0x08003812   0x00000002   PAD
    0x08003814   0x08003814   0x00000080   Code   RO           90    .text.MX_GPIO_Init  gpio.o
    0x08003894   0x08003894   0x00000058   Code   RO           98    .text.MX_I2C1_Init  i2c.o
    0x080038ec   0x080038ec   0x00000048   Code   RO          113    .text.MX_SPI1_Init  spi.o
    0x08003934   0x08003934   0x00000068   Code   RO          128    .text.MX_TIM1_Init  tim.o
    0x0800399c   0x0800399c   0x00000068   Code   RO          130    .text.MX_TIM3_Init  tim.o
    0x08003a04   0x08003a04   0x0000003c   Code   RO          146    .text.MX_USART2_UART_Init  usart.o
    0x08003a40   0x08003a40   0x00000002   Code   RO          163    .text.NMI_Handler   stm32g0xx_it.o
    0x08003a42   0x08003a42   0x00000002   Code   RO          169    .text.PendSV_Handler  stm32g0xx_it.o
    0x08003a44   0x08003a44   0x00000160   Code   RO          829    .text.SPI_WaitFifoStateUntilTimeout  stm32g0xx_hal_spi.o
    0x08003ba4   0x08003ba4   0x000000d0   Code   RO          831    .text.SPI_WaitFlagStateUntilTimeout  stm32g0xx_hal_spi.o
    0x08003c74   0x08003c74   0x00000002   Code   RO          167    .text.SVC_Handler   stm32g0xx_it.o
    0x08003c76   0x08003c76   0x00000008   Code   RO          171    .text.SysTick_Handler  stm32g0xx_it.o
    0x08003c7e   0x08003c7e   0x00000002   Code   RO         1405    .text.SystemInit    system_stm32g0xx.o
    0x08003c80   0x08003c80   0x0000000c   Code   RO          173    .text.TIM1_BRK_UP_TRG_COM_IRQHandler  stm32g0xx_it.o
    0x08003c8c   0x08003c8c   0x00000010   Code   RO          175    .text.TIM1_CC_IRQHandler  stm32g0xx_it.o
    0x08003c9c   0x08003c9c   0x00000010   Code   RO          177    .text.TIM3_IRQHandler  stm32g0xx_it.o
    0x08003cac   0x08003cac   0x000000d2   Code   RO         1229    .text.UART_AdvFeatureConfig  stm32g0xx_hal_uart.o
    0x08003d7e   0x08003d7e   0x00000002   PAD
    0x08003d80   0x08003d80   0x0000016c   Code   RO         1227    .text.UART_SetConfig  stm32g0xx_hal_uart.o
    0x08003eec   0x08003eec   0x00000138   Code   RO         1245    .text.UART_WaitOnFlagUntilTimeout  stm32g0xx_hal_uart.o
    0x08004024   0x08004024   0x000001ac   Code   RO           13    .text.configureCCS811  ccs811_basic.o
    0x080041d0   0x080041d0   0x000002a4   Code   RO           70    .text.main          main.o
    0x08004474   0x08004474   0x0000003c   Code   RO           11    .text.readAlgorithmResults  ccs811_basic.o
    0x080044b0   0x080044b0   0x000000b4   Code   RO           17    .text.setDriveMode  ccs811_basic.o
    0x08004564   0x08004564   0x000001f6   Code   RO         1471    .text_divfast       c_p.l(aeabi_sdivfast.o)
    0x0800475a   0x0800475a   0x00000002   PAD
    0x0800475c   0x0800475c   0x0000008c   Code   RO         1488    x$fpl$fadd          fz_ps.l(faddsub.o)
    0x080047e8   0x080047e8   0x000000d0   Code   RO         1490    x$fpl$fsub          fz_ps.l(faddsub.o)
    0x080048b8   0x080048b8   0x00000000   Code   RO         1510    x$fpl$usenofp       fz_ps.l(usenofp.o)
    0x080048b8   0x080048b8   0x00000028   Data   RO         1431    .constdata          c_p.l(_printf_hex_int.o)
    0x080048e0   0x080048e0   0x00000040   Data   RO         1410    .rodata.AHBPrescTable  system_stm32g0xx.o
    0x08004920   0x08004920   0x00000020   Data   RO         1411    .rodata.APBPrescTable  system_stm32g0xx.o
    0x08004940   0x08004940   0x00000018   Data   RO         1357    .rodata.UARTPrescTable  stm32g0xx_hal_uart.o
    0x08004958   0x08004958   0x00000020   Data   RO         1682    Region$$Table       anon$$obj.o


    Execution Region RW_IRAM1 (Exec base: 0x20000000, Load base: 0x08004978, Size: 0x000008c8, Max: 0x00002000, ABSOLUTE)

    Exec Addr    Load Addr    Size         Type   Attr      Idx    E Section Name        Object

    0x20000000   0x08004978   0x00000036   Data   RW           80    .data..L_MergedGlobals  main.o
    0x20000036   0x080049ae   0x00000002   PAD
    0x20000038   0x080049b0   0x00000008   Data   RW          732    .data..L_MergedGlobals  stm32g0xx_hal.o
    0x20000040   0x080049b8   0x00000001   Data   RW           57    .data.Mode_CCS811   ccs811_basic.o
    0x20000041   0x080049b9   0x00000003   PAD
    0x20000044   0x080049bc   0x00000004   Data   RW         1409    .data.SystemCoreClock  system_stm32g0xx.o
    0x20000048        -       0x00000060   Zero   RW         1546    .bss                c_p.l(libspace.o)
    0x200000a8        -       0x0000000c   Zero   RW           61    .bss..L_MergedGlobals  ccs811_basic.o
    0x200000b4        -       0x0000002b   Zero   RW           81    .bss..L_MergedGlobals.1  main.o
    0x200000df   0x080049c0   0x00000001   PAD
    0x200000e0        -       0x00000002   Zero   RW          181    .bss.conter         stm32g0xx_it.o
    0x200000e2        -       0x00000002   Zero   RW           77    .bss.conter2        main.o
    0x200000e4        -       0x00000001   Zero   RW           51    .bss.errvalue       ccs811_basic.o
    0x200000e5   0x080049c0   0x00000003   PAD
    0x200000e8        -       0x0000004c   Zero   RW          104    .bss.hi2c1          i2c.o
    0x20000134        -       0x00000064   Zero   RW          119    .bss.hspi1          spi.o
    0x20000198        -       0x0000004c   Zero   RW          136    .bss.htim1          tim.o
    0x200001e4        -       0x0000004c   Zero   RW          137    .bss.htim3          tim.o
    0x20000230        -       0x00000090   Zero   RW          152    .bss.huart2         usart.o
    0x200002c0        -       0x00000001   Zero   RW           52    .bss.mosetting      ccs811_basic.o
    0x200002c1   0x080049c0   0x00000003   PAD
    0x200002c4        -       0x00000004   Zero   RW          731    .bss.uwTick         stm32g0xx_hal.o
    0x200002c8        -       0x00000200   Zero   RW            2    HEAP                startup_stm32g030xx.o
    0x200004c8        -       0x00000400   Zero   RW            1    STACK               startup_stm32g030xx.o


==============================================================================

Image component sizes


      Code (inc. data)   RO Data    RW Data    ZI Data      Debug   Object Name

       668         64          0          1         14       8278   ccs811_basic.o
       128          8          0          0          0       1962   gpio.o
       228         20          0          0         76       6271   i2c.o
       684         60          0         54         45       4997   main.o
       200         20          0          0        100       5142   spi.o
        56         26        192          0       1536        620   startup_stm32g030xx.o
       180         20          0          8          4       6648   stm32g0xx_hal.o
       132         24          0          0          0       6544   stm32g0xx_hal_cortex.o
       122          8          0          0          0       9220   stm32g0xx_hal_dma.o
       436         20          0          0          0       4792   stm32g0xx_hal_gpio.o
      6358        160          0          0          0      64395   stm32g0xx_hal_i2c.o
       132          0          0          0          0       5968   stm32g0xx_hal_i2c_ex.o
        44          4          0          0          0       1254   stm32g0xx_hal_msp.o
       128         12          0          0          0       5095   stm32g0xx_hal_pwr_ex.o
      1732         88          0          0          0       9167   stm32g0xx_hal_rcc.o
       380         16          0          0          0       6101   stm32g0xx_hal_rcc_ex.o
      1328          8          0          0          0      27261   stm32g0xx_hal_spi.o
      1020         40          0          0          0      68442   stm32g0xx_hal_tim.o
        94          0          0          0          0      26461   stm32g0xx_hal_tim_ex.o
      1342         80         24          0          0      47047   stm32g0xx_hal_uart.o
       144         28          0          0          2       5539   stm32g0xx_it.o
         2          0         96          4          0       1954   system_stm32g0xx.o
       312         20          0          0        152       6373   tim.o
       148         16          0          0        144       5400   usart.o

    ----------------------------------------------------------------------
     16018        742        344         72       2080     334931   Object Totals
         0          0         32          0          0          0   (incl. Generated)
        20          0          0          5          7          0   (incl. Padding)

    ----------------------------------------------------------------------

      Code (inc. data)   RO Data    RW Data    ZI Data      Debug   Library Member Name

         8          0          0          0          0         68   __main.o
       108          0          0          0          0         76   __printf.o
         0          0          0          0          0          0   __rtentry.o
        12          0          0          0          0          0   __rtentry2.o
         6          0          0          0          0          0   __rtentry4.o
        60          8          0          0          0          0   __scatter.o
        26          0          0          0          0          0   __scatter_copy.o
        28          0          0          0          0          0   __scatter_zi.o
        48          6          0          0          0         88   _printf_char_common.o
        88          4         40          0          0         72   _printf_hex_int.o
       176          0          0          0          0         84   _printf_intcommon.o
         2          0          0          0          0          0   _printf_percent.o
         4          0          0          0          0          0   _printf_percent_end.o
        10          0          0          0          0          0   _printf_x.o
        10          0          0          0          0         60   _sputc.o
       502          0          0          0          0         92   aeabi_sdivfast.o
        16          0          0          0          0         68   exit.o
         6          0          0          0          0        136   heapauxi.o
         0          0          0          0          0          0   indicate_semi.o
         2          0          0          0          0          0   libinit.o
         2          0          0          0          0          0   libinit2.o
         2          0          0          0          0          0   libshutdown.o
         2          0          0          0          0          0   libshutdown2.o
         8          4          0          0         96         68   libspace.o
        40          4          0          0          0         84   noretval__2sprintf.o
         2          0          0          0          0          0   rtexit.o
        10          0          0          0          0          0   rtexit2.o
        12          4          0          0          0         60   sys_exit.o
        62          0          0          0          0         80   sys_stackheap_outer.o
         2          0          0          0          0         68   use_no_semi.o
       124          4          0          0          0         72   d2f.o
        88          0          0          0          0         92   dflti.o
       584         26          0          0          0         84   dmul.o
       348          8          0          0          0        160   faddsub.o
         0          0          0          0          0          0   usenofp.o

    ----------------------------------------------------------------------
      2406         68         40          0         96       1512   Library Totals
         8          0          0          0          0          0   (incl. Padding)

    ----------------------------------------------------------------------

      Code (inc. data)   RO Data    RW Data    ZI Data      Debug   Library Name

      1254         30         40          0         96       1104   c_p.l
      1144         38          0          0          0        408   fz_ps.l

    ----------------------------------------------------------------------
      2406         68         40          0         96       1512   Library Totals

    ----------------------------------------------------------------------

==============================================================================


      Code (inc. data)   RO Data    RW Data    ZI Data      Debug   

     18424        810        384         72       2176     335359   Grand Totals
     18424        810        384         72       2176     335359   ELF Image Totals
     18424        810        384         72          0          0   ROM Totals

==============================================================================

    Total RO  Size (Code + RO Data)                18808 (  18.37kB)
    Total RW  Size (RW Data + ZI Data)              2248 (   2.20kB)
    Total ROM Size (Code + RO Data + RW Data)      18880 (  18.44kB)

==============================================================================

